***** External Functions *****
1    AddFontRegistrationToLog                           isrt.obl(Misc.obs)
2    AdminAskPath                                       isrt.obl(ISRTScriptDialogs.obs)
3    AllFeaturesDeselected                              iswi.obl(CompHelperFuncs.obs)
4    AskOptions                                         isrt.obl(ISRTScriptDialogs.obs)
5    CHECK_RETURN                                       iswi.obl(ErrHandler.obs)
6    ChangeDirectory                                    isrt.obl(Files.obs)
7    CloseFile                                          isrt.obl(Files.obs)
8    CmdGetHwndDlg                                      isrt.obl(CustomDialog.obs)
9    ComponentAddFileToLog                              isrt.obl(component.obs)
10   ComponentCompareSizeRequired                       isrt.obl(component.obs)
11   ComponentErrorInfo                                 isrt.obl(component.obs)
12   ComponentGetData                                   isrt.obl(component.obs)
13   ComponentGetTotalCost                              isrt.obl(component.obs)
14   ComponentIsItemSelected                            isrt.obl(component.obs)
15   ComponentListItems                                 isrt.obl(component.obs)
16   ComponentReinstall                                 isrt.obl(component.obs)
17   ComponentRemoveAll                                 isrt.obl(component.obs)
18   ComponentSaveTarget                                isrt.obl(component.obs)
19   ComponentSelectItem                                isrt.obl(component.obs)
20   ComponentTransferData                              isrt.obl(component.obs)
21   ComponentTreeInit                                  isrt.obl(Dialogs.obs)
22   CreateDir                                          isrt.obl(Files.obs)
23   CreateFile                                         isrt.obl(Files.obs)
24   CreateInstallationInfo                             isrt.obl(Registry.obs)
25   CreateRegistrySet                                  iswi.obl(ComponentConv.obs)
26   CtrlGetDlgItem                                     isrt.obl(CustomDialog.obs)
27   CtrlGetNotificationCode                            isrt.obl(CustomDialog.obs)
28   CtrlGetState                                       isrt.obl(CustomDialog.obs)
29   CtrlGetSubCommand                                  isrt.obl(CustomDialog.obs)
30   CtrlGetText                                        isrt.obl(CustomDialog.obs)
31   CtrlSelectText                                     isrt.obl(CustomDialog.obs)
32   CtrlSetList                                        isrt.obl(CustomDialog.obs)
33   CtrlSetState                                       isrt.obl(CustomDialog.obs)
34   CtrlSetText                                        isrt.obl(CustomDialog.obs)
35   DIFxDriverPackageUninstall                         isrt.obl(ISDIFx.obs)
36   DRMINSTALLERPRO.DRMInstallPRO                      isrt.obl(Activation.obs)
37   DRMINSTALLERPRO.DRMUnInstallPRO                    isrt.obl(Activation.obs)
38   DefineDialog                                       isrt.obl(CustomDialog.obs)
39   Delay                                              isrt.obl(Misc.obs)
40   DeleteFile                                         isrt.obl(Files.obs)
41   DeleteSingleFile                                   isrt.obl(Files.obs)
42   DialogSetDefaultFont                               isrt.obl(Dialogs.obs)
43   DialogSetFont                                      isrt.obl(Dialogs.obs)
44   DialogSetInfo                                      isrt.obl(Dialogs.obs)
45   Disable                                            isrt.obl(Enable.obs)
46   DllSizeOf                                          isrt.obl(Str.obs)
47   Do                                                 isrt.obl(Misc.obs)
48   Enable                                             isrt.obl(Enable.obs)
49   EndCurrentDialog                                   isrt.obl(Dialogs.obs)
50   EndDialog                                          isrt.obl(CustomDialog.obs)
51   EnterPassword                                      isrt.obl(ISRTScriptDialogs.obs)
52   ExistsDir                                          isrt.obl(Files.obs)
53   EzDefineDialog                                     isrt.obl(CustomDialog.obs)
54   FeatureAddFileToLog                                iswi.obl(FeatureConv.obs)
55   FeatureCompareSizeRequired                         iswi.obl(FeatureConv.obs)
56   FeatureConfigureFeaturesFromSuite                  iswi.obl(FeatureConv.obs)
57   FeatureErrorInfo                                   iswi.obl(ComponentConv.obs)
58   FeatureFilterLanguage                              iswi.obl(FeatureConv.obs)
59   FeatureFilterOS                                    iswi.obl(FeatureConv.obs)
60   FeatureGetData                                     iswi.obl(ComponentConv.obs)
61   FeatureGetTotalCost                                iswi.obl(FeatureConv.obs)
62   FeatureIsItemSelected                              iswi.obl(ComponentConv.obs)
63   FeatureListItems                                   iswi.obl(ComponentConv.obs)
64   FeaturePatch                                       iswi.obl(FeatureConv.obs)
65   FeatureReinstall                                   iswi.obl(ComponentConv.obs)
66   FeatureRemoveAll                                   iswi.obl(ComponentConv.obs)
67   FeatureRemoveAllInLogOnly                          iswi.obl(FeatureConv.obs)
68   FeatureRemoveAllInMedia                            iswi.obl(FeatureConv.obs)
69   FeatureRemoveAllInMediaAndLog                      iswi.obl(FeatureConv.obs)
70   FeatureSaveTarget                                  iswi.obl(FeatureConv.obs)
71   FeatureSelectItem                                  iswi.obl(ComponentConv.obs)
72   FeatureSelectNew                                   iswi.obl(FeatureConv.obs)
73   FeatureSetupTypeSet                                iswi.obl(ComponentConv.obs)
74   FeatureStandardSetupTypeSet                        iswi.obl(FeatureConv.obs)
75   FeatureTransferData                                iswi.obl(ComponentConv.obs)
76   FeatureUpdate                                      iswi.obl(ComponentConv.obs)
77   FeatureValidate                                    iswi.obl(ComponentConv.obs)
78   FeaturesInstalled                                  iswi.obl(FileTransferFuncsConv.obs)
79   FeaturesInstalling                                 iswi.obl(FileTransferFuncsConv.obs)
80   FillLists                                          isrt.obl(ISRTScriptDialogs.obs)
81   FinalConstruct                                     ifx.obl(EventsPriv.obs)
82   FinalRelease                                       ifx.obl(EventsPriv.obs)
83   FindFile                                           isrt.obl(Files.obs)
84   FormatMessage                                      isrt.obl(Misc.obs)
85   GDI32.AddFontResource                              Setup.obs
86   GDI32.CreateRectRgn                                Setup.obs
87   GDI32.GetDeviceCaps                                Setup.obs
88   GDI32.RemoveFontResource                           Setup.obs
89   GeneratedMSIScript                                 iswi.obl(FileTransferFuncsConv.obs)
90   GeneratingMSIScript                                iswi.obl(FileTransferFuncsConv.obs)
91   GetAddRemove                                       isrt.obl(SysVars.obs)
92   GetBasicMSI                                        isrt.obl(SysVars.obs)
93   GetBillboard                                       isrt.obl(SysVars.obs)
94   GetCmdLine                                         isrt.obl(SysVars.obs)
95   GetCompItemList                                    iswi.obl(CompHelperFuncs.obs)
96   GetComponentsFeatures                              iswi.obl(CompHelperFuncs.obs)
97   GetCurrentDialogName                               isrt.obl(Dialogs.obs)
98   GetCurrentDir                                      isrt.obl(Files.obs)
99   GetDialogTitle                                     isrt.obl(Dialogs.obs)
100  GetDir                                             isrt.obl(Str.obs)
101  GetDisk                                            isrt.obl(Str.obs)
102  GetDiskSpace                                       isrt.obl(GSI.obs)
103  GetDiskSpaceEx                                     isrt.obl(GSI.obs)
104  GetEnabledIServices                                isrt.obl(SysVars.obs)
105  GetExtents                                         isrt.obl(GSI.obs)
106  GetFolderApplications                              isrt.obl(SysVars.obs)
107  GetFolderApplications64                            isrt.obl(SysVars.obs)
108  GetFolderDotNet10                                  isrt.obl(SysVars.obs)
109  GetFolderDotNet11                                  isrt.obl(SysVars.obs)
110  GetFolderDotNet20                                  isrt.obl(SysVars.obs)
111  GetFolderFonts                                     isrt.obl(SysVars.obs)
112  GetISRes                                           isrt.obl(SysVars.obs)
113  GetInstallScriptMSI                                isrt.obl(SysVars.obs)
114  GetInstallScriptMSIEEUI                            isrt.obl(SysVars.obs)
115  GetInstanceGUID                                    isrt.obl(SysVars.obs)
116  GetKeyPathWinCurrVerAuto                           isrt.obl(SysVars.obs)
117  GetLog                                             isrt.obl(SysVars.obs)
118  GetLogEx                                           isrt.obl(SysVars.obs)
119  GetMSIFeatureName                                  iswi.obl(CompHelperFuncs.obs)
120  GetMaintOption                                     isrt.obl(SysVars.obs)
121  GetMaintenance                                     iswi.obl(ISWiInit.obs)
122  GetMsiFeaturePath                                  iswi.obl(CompHelperFuncs.obs)
123  GetMsiNameFromAliasTable                           iswi.obl(CompHelperFuncs.obs)
124  GetMultiInstanceCount                              isrt.obl(SysVars.obs)
125  GetOpenFileMode                                    isrt.obl(Files.obs)
126  GetPackageLocation                                 isrt.obl(SysVars.obs)
127  GetPlatformList                                    iswi.obl(CompHelperFuncs.obs)
128  GetProductGUID                                     iswi.obl(ISWiInit.obs)
129  GetProfString                                      isrt.obl(Profile.obs)
130  GetProgramFiles                                    isrt.obl(SysVars.obs)
131  GetReinstallMode                                   isrt.obl(SysVars.obs)
132  GetRemoveAllMode                                   isrt.obl(SysVars.obs)
133  GetRemoveOnly                                      isrt.obl(SysVars.obs)
134  GetSelectedTreeComponent                           isrt.obl(CmptView.obs)
135  GetShowPasswordDialog                              isrt.obl(SysVars.obs)
136  GetStandardSelectedLanguage                        isrt.obl(SysVars.obs)
137  GetSuiteHosted                                     isrt.obl(SysVars.obs)
138  GetSupportDir                                      isrt.obl(SysVars.obs)
139  GetSystemInfo                                      isrt.obl(GSI.obs)
140  GetTempFolder                                      isrt.obl(SysVars.obs)
141  GetTrueTypeFontFileInfo                            isrt.obl(Misc.obs)
142  GetUserSelectableAuto                              isrt.obl(SysVars.obs)
143  GetValidDrivesList                                 isrt.obl(GSI.obs)
144  GetWinDir                                          isrt.obl(SysVars.obs)
145  GetWinSysDir                                       isrt.obl(SysVars.obs)
146  GetWindowHandle                                    iswi.obl(MiscConv.obs)
147  HIWORD                                             isrt.obl(Misc.obs)
148  ISDeterminePlatform                                isrt.obl(OsInfo.obs)
149  ISMIF32.InstallStatusMIF                           isrt.obl(MIF.obs)
150  ISRT.ComponentViewSetInfoEx                        isrt.obl(Dialogs.obs)
151  ISRT.EnableHourGlass                               isrt.obl(Enable.obs)
152  ISRT.GetCPUType                                    isrt.obl(GSI.obs)
153  ISRT.GetFontSub                                    isrt.obl(Dialogs.obs)
154  ISRT.GetHandle                                     Setup.obs
155  ISRT.GetPorts                                      isrt.obl(GSI.obs)
156  ISRT.IsEmpty                                       Setup.obs
157  ISRT.IsNTAdmin                                     isrt.obl(Is.obs)
158  ISRT.IsObject                                      Setup.obs
159  ISRT.IsPowerUser                                   isrt.obl(Is.obs)
160  ISRT.LangLoadString                                isrt.obl(SDINT.obs)
161  ISRT.MessageBeepP                                  Setup.obs
162  ISRT.PathCompactPathPixel                          isrt.obl(CustomDialog.obs)
163  ISRT.PathGetDir                                    isrt.obl(Str.obs)
164  ISRT.PathGetDrive                                  isrt.obl(Str.obs)
165  ISRT.PathGetFile                                   isrt.obl(Files.obs)
166  ISRT.PathGetFileExt                                isrt.obl(Str.obs)
167  ISRT.PathGetFileName                               isrt.obl(Str.obs)
168  ISRT.PathGetPath                                   isrt.obl(Str.obs)
169  ISRT.PathIsValidSyntax                             isrt.obl(Is.obs)
170  ISRT.VerGetFileVersion                             Setup.obs
171  ISRT._BrowseForFolder                              isrt.obl(ISRTScriptDialogsPriv.obs)
172  ISRT._CleanupInet                                  isrt.obl(MIO.obs)
173  ISRT._CloseFile                                    isrt.obl(Files.obs)
174  ISRT._CmdGetHwndDlg                                isrt.obl(CustomDialog.obs)
175  ISRT._CompareDWORD                                 isrt.obl(Extend.obs)
176  ISRT._ComponentCompareSizeRequired                 iswi.obl(FeatureConv.obs)
177  ISRT._ComponentFilterLanguage                      iswi.obl(FeatureConv.obs)
178  ISRT._ComponentFilterOS                            iswi.obl(FeatureConv.obs)
179  ISRT._ComponentGetTotalCost                        iswi.obl(FeatureConv.obs)
180  ISRT._ComponentGetTotalCostEx                      Setup.obs
181  ISRT._ComponentPatch                               iswi.obl(FeatureConv.obs)
182  ISRT._ComponentRemoveAll                           iswi.obl(FeatureConv.obs)
183  ISRT._ComponentRemoveAllInLogOnly                  iswi.obl(FeatureConv.obs)
184  ISRT._ComponentSaveTarget                          iswi.obl(FeatureConv.obs)
185  ISRT._ComponentSelectNew                           iswi.obl(FeatureConv.obs)
186  ISRT._CreateDir                                    isrt.obl(Files.obs)
187  ISRT._CtrlGetNotificationCode                      isrt.obl(CustomDialog.obs)
188  ISRT._CtrlGetParentWindowHelper                    iswi.obl(MiscConv.obs)
189  ISRT._CtrlGetSubCommand                            isrt.obl(CustomDialog.obs)
190  ISRT._CtrlSetHtmlContent                           isrt.obl(CustomDialog.obs)
191  ISRT._DIFxDriverPackageUninstall                   isrt.obl(ISDIFx.obs)
192  ISRT._DefineDialog                                 isrt.obl(CustomDialog.obs)
193  ISRT._DialogSetFont                                isrt.obl(Dialogs.obs)
194  ISRT._DisableStatus                                isrt.obl(Enable.obs)
195  ISRT._DoSprintf                                    iswi.obl(HelperFuncs.obs)
196  ISRT._EnableDialogCache                            isrt.obl(Enable.obs)
197  ISRT._EnablePrevDialog                             Setup.obs
198  ISRT._EnableSkins                                  isrt.obl(Enable.obs)
199  ISRT._EnableStatus                                 isrt.obl(Enable.obs)
200  ISRT._EnableWow64FsRedirection                     isrt.obl(Enable.obs)
201  ISRT._EndDialog                                    isrt.obl(CustomDialog.obs)
202  ISRT._ExistsDir                                    isrt.obl(Files.obs)
203  ISRT._ExistsFile                                   isrt.obl(Files.obs)
204  ISRT._FloatingPointOperation                       Setup.obs
205  ISRT._GetCurrentDialogName                         isrt.obl(Dialogs.obs)
206  ISRT._GetDiskSpaceEx                               isrt.obl(GSI.obs)
207  ISRT._GetDiskSpaceExEx                             Setup.obs
208  ISRT._GetGlobalFlags                               isrt.obl(Misc.obs)
209  ISRT._GetGlobalMemorySize                          isrt.obl(GSI.obs)
210  ISRT._GetProcessorInfo                             isrt.obl(OsInfo.obs)
211  ISRT._GetSelectedTreeComponent                     isrt.obl(CmptView.obs)
212  ISRT._GetStandardLangId                            isrt.obl(Misc.obs)
213  ISRT._GetSupportDir                                isrt.obl(SysVars.obs)
214  ISRT._GetSystemDpi                                 isrt.obl(GSI.obs)
215  ISRT._GetTrueTypeFontFileInfo                      isrt.obl(Misc.obs)
216  ISRT._GetVirtualMachineType                        isrt.obl(GSI.obs)
217  ISRT._InetEndofTransfer                            isrt.obl(iftw.obs)
218  ISRT._InetGetNextDisk                              isrt.obl(iftw.obs)
219  ISRT._IsFontTypefaceNameAvailable                  isrt.obl(Is.obs)
220  ISRT._IsInAdminGroup                               isrt.obl(Is.obs)
221  ISRT._IsLangSupported                              isrt.obl(Is.obs)
222  ISRT._IsSkinLoaded                                 isrt.obl(Is.obs)
223  ISRT._IsVirtualMachine                             isrt.obl(OsInfo.obs)
224  ISRT._IsWindowsME                                  isrt.obl(GSI.obs)
225  ISRT._IsWow64                                      isrt.obl(OsInfo.obs)
226  ISRT._ListAddItem                                  isrt.obl(scrlist.obs)
227  ISRT._ListAddString                                isrt.obl(scrlist.obs)
228  ISRT._ListCount                                    isrt.obl(scrlist.obs)
229  ISRT._ListCreate                                   isrt.obl(scrlist.obs)
230  ISRT._ListCurrentString                            isrt.obl(scrlist.obs)
231  ISRT._ListDeleteItem                               isrt.obl(scrlist.obs)
232  ISRT._ListDeleteString                             isrt.obl(scrlist.obs)
233  ISRT._ListDestroy                                  isrt.obl(scrlist.obs)
234  ISRT._ListFindItem                                 isrt.obl(scrlist.obs)
235  ISRT._ListFindString                               isrt.obl(scrlist.obs)
236  ISRT._ListGetFirstItem                             isrt.obl(scrlist.obs)
237  ISRT._ListGetFirstString                           isrt.obl(scrlist.obs)
238  ISRT._ListGetNextItem                              isrt.obl(scrlist.obs)
239  ISRT._ListGetNextString                            isrt.obl(scrlist.obs)
240  ISRT._ListGetType                                  isrt.obl(scrlist.obs)
241  ISRT._ListSetIndex                                 isrt.obl(scrlist.obs)
242  ISRT._MediaGetFilteringInfo                        iswi.obl(FeatureConv.obs)
243  ISRT._MediaGetInfo                                 iswi.obl(FeatureConv.obs)
244  ISRT._OnUninstPriv                                 Setup.obs
245  ISRT._OpenFile                                     isrt.obl(Files.obs)
246  ISRT._Preprogram                                   Setup.obs
247  ISRT._Rebooted                                     Setup.obs
248  ISRT._RegCreateKey                                 isrt.obl(Registry.obs)
249  ISRT._RegDeleteValue                               isrt.obl(Registry.obs)
250  ISRT._RegEnableTextSubs                            isrt.obl(Enable.obs)
251  ISRT._RegGetOptions                                isrt.obl(SysVars.obs)
252  ISRT._RegIsRemoteRegConnected                      isrt.obl(Is.obs)
253  ISRT._RegQueryKeyBinaryValue                       isrt.obl(Registry.obs)
254  ISRT._RegQueryKeyValue                             isrt.obl(Registry.obs)
255  ISRT._RegSetKeyBinaryValue                         isrt.obl(Registry.obs)
256  ISRT._RegSetKeyValue                               isrt.obl(Registry.obs)
257  ISRT._RegSetOptions                                isrt.obl(SysVars.obs)
258  ISRT._ReleaseDialog                                isrt.obl(CustomDialog.obs)
259  ISRT._SdShowMsg                                    isrt.obl(ISRTScriptDialogsPriv.obs)
260  ISRT._SetAltMainImage                              isrt.obl(Dialogs.obs)
261  ISRT._SetDisplayEffect                             isrt.obl(ui.obs)
262  ISRT._SetGlobalFlags                               ifx.obl(EventsPriv.obs)
263  ISRT._SetPaletteFile                               isrt.obl(MIO.obs)
264  ISRT._SetSilentSdShowMsg                           isrt.obl(Enable.obs)
265  ISRT._SetTitle                                     isrt.obl(ui.obs)
266  ISRT._SetupInet                                    isrt.obl(MIO.obs)
267  ISRT._SetupTraceWrite                              isrt.obl(Misc.obs)
268  ISRT._StatusUpdate                                 isrt.obl(ui.obs)
269  ISRT._TreeViewCreate                               isrt.obl(CmptView.obs)
270  ISRT._WaitOnDialog                                 isrt.obl(CustomDialog.obs)
271  ISRT._WriteLine                                    isrt.obl(Files.obs)
272  ISRT.__CreateObjectContext                         isrt.obl(ISRTInit.obs)
273  ISRT.__GetCmdLineOptions                           isrt.obl(ISRTInit.obs)
274  ISRT.__GetContextGUID                              isrt.obl(ISRTInit.obs)
275  ISRT.__GetEnabledIServices                         isrt.obl(SysVars.obs)
276  ISRT.__GetFileRegistrar                            isrt.obl(ISRTInit.obs)
277  ISRT.__GetISMSIStringTableObj                      iswi.obl(ISWiInit.obs)
278  ISRT.__GetInfo                                     isrt.obl(ISRTInit.obs)
279  ISRT.__GetInstallGuid                              isrt.obl(SysVars.obs)
280  ISRT.__GetLog                                      isrt.obl(SysVars.obs)
281  ISRT.__GetLogDB                                    isrt.obl(ISRTInit.obs)
282  ISRT.__GetLogEx                                    isrt.obl(SysVars.obs)
283  ISRT.__GetMainWindow                               Setup.obs
284  ISRT.__GetMaintOption                              isrt.obl(SysVars.obs)
285  ISRT.__GetMaintenanceMode                          isrt.obl(SysVars.obs)
286  ISRT.__GetObjects                                  isrt.obl(ISRTInit.obs)
287  ISRT.__GetProductGuid                              isrt.obl(SysVars.obs)
288  ISRT.__GetProgress                                 Setup.obs
289  ISRT.__GetReboot                                   isrt.obl(ISRTInit.obs)
290  ISRT.__GetReinstallMode                            isrt.obl(SysVars.obs)
291  ISRT.__GetRemoveAllMode                            isrt.obl(SysVars.obs)
292  ISRT.__GetTextSub                                  isrt.obl(ISRTInit.obs)
293  ISRT.__GetUpdateMode                               isrt.obl(SysVars.obs)
294  ISRT.__GetUser                                     isrt.obl(MIO.obs)
295  ISRT.__ISRTGetPropertyBag                          ifx.obl(PersistPropertyBag.obs)
296  ISRT.__ISRTReleasePropertyBag                      ifx.obl(PersistPropertyBag.obs)
297  ISRT.__PutEnabledIServices                         isrt.obl(Enable.obs)
298  ISRT.__ReleaseObjectContext                        isrt.obl(ISRTInit.obs)
299  ISRT.__RestoreMainLog                              isrt.obl(ISRTInit.obs)
300  ISRT.__RestoreMainLogEx                            isrt.obl(ISRTInit.obs)
301  ISRT.__SetComponentLog                             isrt.obl(ISRTInit.obs)
302  ISRT.__SetUpdateMode                               isrt.obl(SysVars.obs)
303  ISRTHandleScriptException                          isrt.obl(Misc.obs)
304  ISRTOnUninstPriv                                   isrt.obl(Driver.obs)
305  ISRTPreprogram                                     isrt.obl(Driver.obs)
306  ISWIOnAppSearch                                    iswi.obl(DriverConv.obs)
307  ISWIOnCCPSearch                                    iswi.obl(DriverConv.obs)
308  ISWIOnExitInstall                                  iswi.obl(DriverConv.obs)
309  ISWIOnFirstUIAfter                                 iswi.obl(DriverConv.obs)
310  ISWIOnFirstUIBefore                                iswi.obl(DriverConv.obs)
311  ISWIOnInitInstall                                  iswi.obl(DriverConv.obs)
312  ISWIOnMaintUIAfter                                 iswi.obl(DriverConv.obs)
313  ISWIOnMaintUIBefore                                iswi.obl(DriverConv.obs)
314  ISWIOnMoveData                                     iswi.obl(DriverConv.obs)
315  ISWIOnMoveDataPostInstall                          iswi.obl(DriverConv.obs)
316  ISWIOnMoveDataPreInstall                           iswi.obl(DriverConv.obs)
317  ISWIOnResumeUIAfter                                iswi.obl(DriverConv.obs)
318  ISWIOnResumeUIBefore                               iswi.obl(DriverConv.obs)
319  ISWIPostprogram                                    iswi.obl(DriverConv.obs)
320  ISWIPreprogram                                     iswi.obl(DriverConv.obs)
321  IfxFilterComponents                                ifx.obl(EventsSetupPriv.obs)
322  IfxFinalConstruct                                  ifx.obl(EventsSetupPriv.obs)
323  IfxFinalRelease                                    ifx.obl(EventsSetupPriv.obs)
324  IfxInitProperties                                  ifx.obl(PersistPropertyBag.obs)
325  IfxOnAbortInstall                                  ifx.obl(EventsPriv.obs)
326  IfxOnAppSearch                                     ifx.obl(EventsPriv.obs)
327  IfxOnCCPSearch                                     ifx.obl(EventsPriv.obs)
328  IfxOnCanceling                                     ifx.obl(EventsPriv.obs)
329  IfxOnDisk1Installed                                ifx.obl(EventsSetupPriv.obs)
330  IfxOnDisk1Installing                               ifx.obl(EventsSetupPriv.obs)
331  IfxOnExitInstall                                   ifx.obl(EventsSetupPriv.obs)
332  IfxOnFileError                                     ifx.obl(EventsSetupPriv.obs)
333  IfxOnFileLocked                                    ifx.obl(EventsSetupPriv.obs)
334  IfxOnFileReadOnly                                  ifx.obl(EventsSetupPriv.obs)
335  IfxOnGeneralScriptOp                               ifx.obl(EventsPriv.obs)
336  IfxOnHelp                                          ifx.obl(EventsPriv.obs)
337  IfxOnInitInstall                                   ifx.obl(EventsSetupPriv.obs)
338  IfxOnInternetError                                 ifx.obl(EventsSetupPriv.obs)
339  IfxOnMD5Error                                      ifx.obl(EventsSetupPriv.obs)
340  IfxOnNextDisk                                      ifx.obl(EventsSetupPriv.obs)
341  IfxOnRebooted                                      ifx.obl(EventsPriv.obs)
342  IfxOnRemovingSharedFile                            ifx.obl(EventsSetupPriv.obs)
343  IfxOnShowWizardPages                               ifx.obl(EventsSetupPriv.obs)
344  IfxOnTransferred                                   ifx.obl(EventsPriv.obs)
345  IfxOnTransferring                                  ifx.obl(EventsSetupPriv.obs)
346  IfxOnUnhandledException                            ifx.obl(EventsPriv.obs)
347  IfxOnUninst                                        ifx.obl(EventsSetupPriv.obs)
348  IfxOnUninstPriv                                    ifx.obl(EventsSetupPriv.obs)
349  IfxPostprogram                                     ifx.obl(EventsSetupPriv.obs)
350  IfxPreprogram                                      ifx.obl(EventsSetupPriv.obs)
351  IfxReadProperties                                  ifx.obl(PersistPropertyBag.obs)
352  IfxRunAfterReboot                                  ifx.obl(EventsSetupPriv.obs)
353  IfxWriteProperties                                 ifx.obl(PersistPropertyBag.obs)
354  InetEndofTransfer                                  isrt.obl(iftw.obs)
355  InetNextDisk                                       isrt.obl(iftw.obs)
356  InitProperties                                     ifx.obl(PersistPropertyBag.obs)
357  InstallFilesActionAfter                            iswi.obl(FileTransferFuncsConv.obs)
358  InstallFilesActionBefore                           iswi.obl(FileTransferFuncsConv.obs)
359  Is                                                 isrt.obl(Is.obs)
360  IsComponentFiltered                                iswi.obl(CompHelperFuncs.obs)
361  IsInetInstall                                      isrt.obl(iftw.obs)
362  IsTestSetup                                        iswi.obl(HelperFuncs.obs)
363  KERNEL.GetModuleHandle                             Setup.obs
364  KERNEL32.CloseHandle                               Setup.obs
365  KERNEL32.CreateFileW                               Setup.obs
366  KERNEL32.DeleteFileW                               Setup.obs
367  KERNEL32.FindClose                                 Setup.obs
368  KERNEL32.FindFirstFileW                            Setup.obs
369  KERNEL32.FindNextFileW                             Setup.obs
370  KERNEL32.FormatMessageW                            Setup.obs
371  KERNEL32.FreeLibrary                               Setup.obs
372  KERNEL32.GetCurrentDirectoryW                      Setup.obs
373  KERNEL32.GetDriveType                              Setup.obs
374  KERNEL32.GetFileAttributesW                        Setup.obs
375  KERNEL32.GetLocalTime                              Setup.obs
376  KERNEL32.GetLocaleInfo                             Setup.obs
377  KERNEL32.GetPrivateProfileString                   Setup.obs
378  KERNEL32.GetPrivateProfileStringW                  Setup.obs
379  KERNEL32.GetProcAddress                            Setup.obs
380  KERNEL32.GetProfileStringW                         Setup.obs
381  KERNEL32.GetSystemDefaultLCID                      Setup.obs
382  KERNEL32.GetSystemDefaultLangID                    Setup.obs
383  KERNEL32.GetSystemDefaultUILanguage                Setup.obs
384  KERNEL32.GetTickCount                              Setup.obs
385  KERNEL32.GetUserDefaultLangID                      Setup.obs
386  KERNEL32.GetVersion                                Setup.obs
387  KERNEL32.GetVersionEx                              Setup.obs
388  KERNEL32.GetVolumeInformation                      Setup.obs
389  KERNEL32.GetWindowsDirectory                       Setup.obs
390  KERNEL32.GetWindowsDirectoryW                      Setup.obs
391  KERNEL32.LoadLibraryW                              Setup.obs
392  KERNEL32.SetCurrentDirectoryW                      Setup.obs
393  KERNEL32.SetFileAttributesW                        Setup.obs
394  KERNEL32.Sleep                                     Setup.obs
395  KERNEL32.WritePrivateProfileString                 Setup.obs
396  KERNEL32.WritePrivateProfileStringW                Setup.obs
397  KERNEL32.WriteProfileStringW                       Setup.obs
398  KERNEL32.lstrlenW                                  Setup.obs
399  Kernel32.GetModuleHandleW                          iswi.obl(ComponentConv.obs)
400  LOWORD                                             isrt.obl(Misc.obs)
401  LaunchAppAndWaitInitStartupInfo                    isrt.obl(Extend.obs)
402  LaunchApplicationInit                              isrt.obl(Extend.obs)
403  ListAddItem                                        isrt.obl(scrlist.obs)
404  ListAddString                                      isrt.obl(scrlist.obs)
405  ListConvertStrToNum                                isrt.obl(scrlist.obs)
406  ListCount                                          isrt.obl(scrlist.obs)
407  ListCreate                                         isrt.obl(scrlist.obs)
408  ListCurrentString                                  isrt.obl(scrlist.obs)
409  ListDeleteItem                                     isrt.obl(scrlist.obs)
410  ListDeleteString                                   isrt.obl(scrlist.obs)
411  ListDestroy                                        isrt.obl(scrlist.obs)
412  ListFindItem                                       isrt.obl(scrlist.obs)
413  ListFindString                                     isrt.obl(scrlist.obs)
414  ListGetFirstItem                                   isrt.obl(scrlist.obs)
415  ListGetFirstString                                 isrt.obl(scrlist.obs)
416  ListGetLastString                                  iswi.obl(CompHelperFuncs.obs)
417  ListGetNextItem                                    isrt.obl(scrlist.obs)
418  ListGetNextString                                  isrt.obl(scrlist.obs)
419  ListGetType                                        isrt.obl(scrlist.obs)
420  ListSetIndex                                       isrt.obl(scrlist.obs)
421  ListValid                                          isrt.obl(scrlist.obs)
422  ListValidType                                      isrt.obl(scrlist.obs)
423  LoadStringFromStringTable                          iswi.obl(ISWiInit.obs)
424  LogReadCustomString                                isrt.obl(Misc.obs)
425  LogReadCustomVariant                               isrt.obl(Misc.obs)
426  LogWriteCustomString                               isrt.obl(Misc.obs)
427  LogWriteCustomVariant                              isrt.obl(Misc.obs)
428  LongPathToQuote                                    isrt.obl(Str.obs)
429  MAKELONG                                           isrt.obl(Misc.obs)
430  MIFCreateMIFFile                                   isrt.obl(MIF.obs)
431  MIFDeleteMIFFile                                   isrt.obl(MIF.obs)
432  MIFInitialize                                      isrt.obl(MIF.obs)
433  MIFSetInformation                                  isrt.obl(MIF.obs)
434  MIFUnInitialize                                    isrt.obl(MIF.obs)
435  MIFWasSetInformationCalled                         isrt.obl(MIF.obs)
436  MIOShutdown                                        isrt.obl(MIO.obs)
437  MIOStartup                                         isrt.obl(MIO.obs)
438  MaintenanceStart                                   isrt.obl(Registry.obs)
439  MediaGetData                                       iswi.obl(FeatureConv.obs)
440  MediaGetDataEx                                     iswi.obl(FeatureConv.obs)
441  MessageBeep                                        isrt.obl(Misc.obs)
442  MessageBox                                         isrt.obl(ISRTScriptDialogsPriv.obs)
443  MessageBoxEx                                       isrt.obl(ISRTScriptDialogsPriv.obs)
444  Moved                                              iswi.obl(FileTransferFuncsConv.obs)
445  Moving                                             iswi.obl(FileTransferFuncsConv.obs)
446  MsiCloseHandle                                     iswi.obl(MsiFuncsConv.obs)
447  MsiCreateRecord                                    iswi.obl(MsiFuncsConv.obs)
448  MsiDatabaseOpenView                                iswi.obl(MsiFuncsConv.obs)
449  MsiDoAction                                        iswi.obl(MsiFuncsConv.obs)
450  MsiGetActiveDatabase                               iswi.obl(MsiFuncsConv.obs)
451  MsiGetMode                                         iswi.obl(MsiFuncsConv.obs)
452  MsiGetProperty                                     iswi.obl(MsiFuncsConv.obs)
453  MsiGetPropertyIS                                   iswi.obl(MsiFuncsConv.obs)
454  MsiGetSourcePath                                   iswi.obl(MsiFuncsConv.obs)
455  MsiGetTargetPath                                   iswi.obl(MsiFuncsConv.obs)
456  MsiInstallProduct                                  iswi.obl(MsiFuncsConv.obs)
457  MsiProcessMessage                                  iswi.obl(MsiFuncsConv.obs)
458  MsiQueryFeatureState                               iswi.obl(MsiFuncsConv.obs)
459  MsiRecordGetInteger                                iswi.obl(MsiFuncsConv.obs)
460  MsiRecordGetString                                 iswi.obl(MsiFuncsConv.obs)
461  MsiRecordSetString                                 iswi.obl(MsiFuncsConv.obs)
462  MsiSetProperty                                     iswi.obl(MsiFuncsConv.obs)
463  MsiSetTargetPath                                   iswi.obl(MsiFuncsConv.obs)
464  MsiViewExecute                                     iswi.obl(MsiFuncsConv.obs)
465  MsiViewFetch                                       iswi.obl(MsiFuncsConv.obs)
466  MyFunction                                         Setup.obs
467  OnAbort                                            iswi.obl(DriverConv.obs)
468  OnAction                                           iswi.obl(ISWiInit.obs)
469  OnAdminInstallUIAfter                              iswi.obl(DriverConv.obs)
470  OnAdminInstallUIBefore                             iswi.obl(DriverConv.obs)
471  OnAdminPatchUIAfter                                iswi.obl(DriverConv.obs)
472  OnAdminPatchUIBefore                               iswi.obl(DriverConv.obs)
473  OnAdvertisementAfter                               iswi.obl(DriverConv.obs)
474  OnAdvertisementBefore                              iswi.obl(DriverConv.obs)
475  OnAppSearch                                        iswi.obl(DriverConv.obs)
476  OnBegin                                            iswi.obl(DriverConv.obs)
477  OnCCPSearch                                        iswi.obl(DriverConv.obs)
478  OnCanceling                                        iswi.obl(DriverConv.obs)
479  OnCheckMediaPassword                               ifx.obl(EventsSetup.obs)
480  OnComponentError                                   iswi.obl(DriverConv.obs)
481  OnCustomizeUninstInfo                              ifx.obl(EventsSetup.obs)
482  OnDIFxLogCallback                                  isrt.obl(ISDIFx.obs)
483  OnDIFxLogCallbackImpl                              isrt.obl(ISDIFx.obs)
484  OnEnd                                              iswi.obl(DriverConv.obs)
485  OnError                                            iswi.obl(DriverConv.obs)
486  OnException                                        iswi.obl(DriverConv.obs)
487  OnFeaturesInstalled                                iswi.obl(FileTransferFuncsConv.obs)
488  OnFeaturesInstalling                               iswi.obl(FileTransferFuncsConv.obs)
489  OnFileError                                        iswi.obl(Exceptions.obs)
490  OnFileLocked                                       iswi.obl(Exceptions.obs)
491  OnFileReadOnly                                     iswi.obl(Exceptions.obs)
492  OnFilesInUse                                       iswi.obl(DriverConv.obs)
493  OnFilterComponents                                 iswi.obl(DriverConv.obs)
494  OnFirstUIAfter                                     iswi.obl(DriverConv.obs)
495  OnFirstUIBefore                                    iswi.obl(DriverConv.obs)
496  OnGeneratedMSIScript                               iswi.obl(DriverConv.obs)
497  OnGeneratingMSIScript                              iswi.obl(DriverConv.obs)
498  OnHelp                                             iswi.obl(DriverConv.obs)
499  OnIISAppPoolUninstalling                           ifx.obl(EventsPriv.obs)
500  OnIISCheckRequirements                             ifx.obl(EventsPriv.obs)
501  OnIISComponentInstalled                            ifx.obl(EventsPriv.obs)
502  OnIISInitialize                                    ifx.obl(EventsPriv.obs)
503  OnIISUninitialize                                  ifx.obl(EventsPriv.obs)
504  OnIISVRootUninstalling                             ifx.obl(EventsPriv.obs)
505  OnIISWebServiceExtensionUninstalling               ifx.obl(EventsPriv.obs)
506  OnIISWebSiteUninstalling                           ifx.obl(EventsPriv.obs)
507  OnInstallDRMService                                isrt.obl(Activation.obs)
508  OnInstallFilesActionAfter                          iswi.obl(DriverConv.obs)
509  OnInstallFilesActionBefore                         iswi.obl(DriverConv.obs)
510  OnInstalledFile                                    ifx.obl(EventsSetup.obs)
511  OnInstalledFontFile                                ifx.obl(EventsSetup.obs)
512  OnInstallingFile                                   ifx.obl(EventsSetup.obs)
513  OnInternetError                                    iswi.obl(Exceptions.obs)
514  OnLaunchAppAndWaitCallback                         iswi.obl(DriverConv.obs)
515  OnLogonUserSetMsiProperties                        iswi.obl(DriverConv.obs)
516  OnMD5Error                                         iswi.obl(Exceptions.obs)
517  OnMaintUIAfter                                     iswi.obl(DriverConv.obs)
518  OnMaintUIBefore                                    iswi.obl(DriverConv.obs)
519  OnMaintenance                                      iswi.obl(DriverConv.obs)
520  OnMoveData                                         ifx.obl(EventsSetup.obs)
521  OnMoved                                            iswi.obl(DriverConv.obs)
522  OnMoving                                           iswi.obl(DriverConv.obs)
523  OnMsiSilentInstall                                 iswi.obl(DriverConv.obs)
524  OnNetApiCreateUserAccount                          ifx.obl(EventsSetup.obs)
525  OnNetApiCreateUserAccountInternal                  isrt.obl(NetApiRT.obs)
526  OnNextDisk                                         iswi.obl(Exceptions.obs)
527  OnOutOfDiskSpace                                   iswi.obl(DriverConv.obs)
528  OnPatchUIAfter                                     iswi.obl(DriverConv.obs)
529  OnPatchUIBefore                                    iswi.obl(DriverConv.obs)
530  OnRMFilesInUse                                     iswi.obl(DriverConv.obs)
531  OnRebooted                                         iswi.obl(DriverConv.obs)
532  OnRemovingSharedFile                               iswi.obl(Exceptions.obs)
533  OnResume                                           iswi.obl(DriverConv.obs)
534  OnResumeUIAfter                                    iswi.obl(DriverConv.obs)
535  OnResumeUIBefore                                   iswi.obl(DriverConv.obs)
536  OnSQLBatchScripts                                  ifx.obl(EventsPriv.obs)
537  OnSQLComponentInstalled                            ifx.obl(EventsPriv.obs)
538  OnSQLComponentUninstalled                          ifx.obl(EventsPriv.obs)
539  OnSQLLogin                                         iswi.obl(DriverConv.obs)
540  OnSQLServerInitialize                              ifx.obl(EventsPriv.obs)
541  OnSQLServerInitializeMaint                         ifx.obl(EventsPriv.obs)
542  OnSelfRegistrationError                            iswi.obl(Exceptions.obs)
543  OnSetTARGETDIR                                     ifx.obl(EventsSetup.obs)
544  OnSetUpdateMode                                    ifx.obl(EventsSetup.obs)
545  OnShowUI                                           ifx.obl(EventsSetup.obs)
546  OnSuiteInstallAfter                                ifx.obl(EventsSetup.obs)
547  OnSuiteInstallBefore                               ifx.obl(EventsSetup.obs)
548  OnSuiteMaintAfter                                  ifx.obl(EventsSetup.obs)
549  OnSuiteMaintBefore                                 ifx.obl(EventsSetup.obs)
550  OnSuiteShowUI                                      ifx.obl(EventsSetup.obs)
551  OnSuiteUpdateAfter                                 ifx.obl(EventsSetup.obs)
552  OnSuiteUpdateBefore                                ifx.obl(EventsSetup.obs)
553  OnUnInstallDRMService                              isrt.obl(Activation.obs)
554  OnUnhandledException                               iswi.obl(DriverConv.obs)
555  OnUninstall                                        iswi.obl(DriverConv.obs)
556  OnUninstalledFile                                  ifx.obl(EventsSetup.obs)
557  OnUninstallingDIFxDriverFile                       ifx.obl(EventsSetup.obs)
558  OnUninstallingFile                                 ifx.obl(EventsSetup.obs)
559  OnUninstallingFontFile                             ifx.obl(EventsSetup.obs)
560  OnUpdateService                                    iswi.obl(DriverConv.obs)
561  OnUpdateUIAfter                                    ifx.obl(EventsSetup.obs)
562  OnUpdateUIBefore                                   ifx.obl(EventsSetup.obs)
563  OnWarning                                          iswi.obl(DriverConv.obs)
564  OnXMLComponentInstalled                            ifx.obl(EventsPriv.obs)
565  OnXMLComponentUninstalling                         ifx.obl(EventsPriv.obs)
566  OnXMLInitialize                                    ifx.obl(EventsPriv.obs)
567  OnXMLUninitialize                                  ifx.obl(EventsPriv.obs)
568  OpenFile                                           isrt.obl(Files.obs)
569  OpenFileMode                                       isrt.obl(Files.obs)
570  ParsePath                                          isrt.obl(Str.obs)
571  PopulateColumnHeaders                              isrt.obl(ISRTScriptDialogs.obs)
572  PopulateListView                                   isrt.obl(ISRTScriptDialogs.obs)
573  PostShowComponentDlg                               iswi.obl(ISWiInit.obs)
574  Postprogram                                        iswi.obl(DriverConv.obs)
575  PreShowComponentDlg                                iswi.obl(ISWiInit.obs)
576  Preprogram                                         iswi.obl(DriverConv.obs)
577  ProgramEeuiPostInstall                             iswi.obl(DriverConv.obs)
578  ProgramEeuiPreInstall                              iswi.obl(DriverConv.obs)
579  PthFixPath                                         isrt.obl(Pth.obs)
580  PthIsAbsPath                                       isrt.obl(Pth.obs)
581  ReadProperties                                     ifx.obl(PersistPropertyBag.obs)
582  RebootNeeded                                       iswi.obl(FileTransferFuncsConv.obs)
583  Rebooted                                           isrt.obl(Driver.obs)
584  RedirectMsiCloseHandle                             iswi.obl(RedirectedMsiFuncsConv.obs)
585  RedirectMsiCreateRecord                            iswi.obl(RedirectedMsiFuncsConv.obs)
586  RedirectMsiGetActiveDatabase                       iswi.obl(RedirectedMsiFuncsConv.obs)
587  RedirectMsiGetMode                                 iswi.obl(RedirectedMsiFuncsConv.obs)
588  RedirectMsiProcessMessage                          iswi.obl(RedirectedMsiFuncsConv.obs)
589  RedirectMsiRecordGetInteger                        iswi.obl(RedirectedMsiFuncsConv.obs)
590  RedirectMsiViewExecute                             iswi.obl(RedirectedMsiFuncsConv.obs)
591  RedirectMsiViewFetch                               iswi.obl(RedirectedMsiFuncsConv.obs)
592  RegDBDeleteItem                                    isrt.obl(Registry.obs)
593  RegDBDeleteValue                                   isrt.obl(Registry.obs)
594  RegDBDeleteValueEx                                 isrt.obl(Registry.obs)
595  RegDBDeleteValueEx32                               isrt.obl(Registry.obs)
596  RegDBGetItem                                       isrt.obl(Registry.obs)
597  RegDBGetKeyValueEx                                 isrt.obl(Registry.obs)
598  RegDBQueryValue                                    isrt.obl(Registry.obs)
599  RegDBQueryValue32                                  isrt.obl(Registry.obs)
600  RegDBSetItem                                       isrt.obl(Registry.obs)
601  RegDBSetKeyValueEx                                 isrt.obl(Registry.obs)
602  RegDBSetValue                                      isrt.obl(Registry.obs)
603  RegDBSetValue32                                    isrt.obl(Registry.obs)
604  RegDBSetVersion                                    isrt.obl(Registry.obs)
605  RegisterFontResource                               isrt.obl(Misc.obs)
606  ReleaseDialog                                      isrt.obl(CustomDialog.obs)
607  RemoveSpaces                                       iswi.obl(HelperFuncs.obs)
608  ResolveShellObjectsFolder                          iswi.obl(CompHelperFuncs.obs)
609  SdAskDestPath                                      isrt.obl(ISRTScriptDialogs.obs)
610  SdCloseDlg                                         isrt.obl(SDINT.obs)
611  SdComponentDlgCheckSpace                           isrt.obl(SDINT.obs)
612  SdDiskSpace2                                       isrt.obl(ISRTScriptDialogs.obs)
613  SdDlgToTop                                         isrt.obl(SDINT.obs)
614  SdDoStdButton                                      isrt.obl(SDINT.obs)
615  SdEnablement                                       isrt.obl(SDINT.obs)
616  SdError                                            isrt.obl(SDINT.obs)
617  SdExceptionsInit                                   isrt.obl(ISRTScriptDialogsPriv.obs)
618  SdFeatureTree                                      isrt.obl(ISRTScriptDialogs.obs)
619  SdFilesInUse                                       isrt.obl(ISRTScriptDialogs.obs)
620  SdFinish                                           isrt.obl(ISRTScriptDialogs.obs)
621  SdFinishReboot                                     isrt.obl(ISRTScriptDialogs.obs)
622  SdGeneralInit                                      isrt.obl(SDINT.obs)
623  SdInit                                             isrt.obl(SDINT.obs)
624  SdIsStdButton                                      isrt.obl(SDINT.obs)
625  SdLoadString                                       isrt.obl(SDINT.obs)
626  SdMakeName                                         isrt.obl(SDINT.obs)
627  SdPatchWelcome                                     isrt.obl(ISRTScriptDialogs.obs)
628  SdPlugInProductName                                isrt.obl(SDINT.obs)
629  SdRMFilesInUse                                     isrt.obl(ISRTScriptDialogs.obs)
630  SdRegisterUser                                     isrt.obl(ISRTScriptDialogs.obs)
631  SdSetDlgTitle                                      isrt.obl(SDINT.obs)
632  SdSetStatic                                        isrt.obl(SDINT.obs)
633  SdSetupCompleteError                               isrt.obl(ISRTScriptDialogs.obs)
634  SdShowMsg                                          isrt.obl(ISRTScriptDialogsPriv.obs)
635  SdStartCopy2                                       isrt.obl(ISRTScriptDialogs.obs)
636  SdSubstituteProductInfo                            isrt.obl(SDINT.obs)
637  SdUnInit                                           isrt.obl(SDINT.obs)
638  SdWelcome                                          isrt.obl(ISRTScriptDialogs.obs)
639  SdWelcomeMaint                                     isrt.obl(ISRTScriptDialogs.obs)
640  SelectDir                                          isrt.obl(ISRTScriptDialogsPriv.obs)
641  SelectDirNoLog                                     isrt.obl(ISRTScriptDialogsPriv.obs)
642  SendMessage                                        isrt.obl(Misc.obs)
643  ServiceInitParams                                  isrt.obl(Service.obs)
644  SetCmdLine                                         isrt.obl(SysVars.obs)
645  SetDisplayEffect                                   isrt.obl(ui.obs)
646  SetExtendedErrInfo                                 isrt.obl(IsUtil.obs)
647  SetGlobalVars                                      iswi.obl(ISWiInit.obs)
648  SetInstallationInfo                                isrt.obl(Registry.obs)
649  SetMifInformationOnly                              isrt.obl(Registry.obs)
650  SetStatus                                          ifx.obl(EventsSetupPriv.obs)
651  SetStatusEx                                        ifx.obl(EventsSetupPriv.obs)
652  SetStatusExStaticText                              isrt.obl(ui.obs)
653  SetStatusWindow                                    isrt.obl(ui.obs)
654  SetTitle                                           isrt.obl(ui.obs)
655  SetupTraceWrite                                    isrt.obl(Misc.obs)
656  SetupType2                                         isrt.obl(ISRTScriptDialogs.obs)
657  ShowObjWizardPages                                 iswi.obl(ObjectsConv.obs)
658  SilentCreateFile                                   isrt.obl(Silent.obs)
659  SilentDoGeneralInfo                                isrt.obl(Silent.obs)
660  SilentFailed                                       isrt.obl(Silent.obs)
661  SilentFinish                                       isrt.obl(Silent.obs)
662  SilentInit                                         isrt.obl(Silent.obs)
663  SilentLogWriteData                                 isrt.obl(Silent.obs)
664  SilentReadData                                     isrt.obl(Silent.obs)
665  SilentSetInfo                                      isrt.obl(Silent.obs)
666  SilentSetMode                                      isrt.obl(Silent.obs)
667  SilentWriteData                                    isrt.obl(Silent.obs)
668  Sprintf                                            isrt.obl(Str.obs)
669  SprintfBox                                         isrt.obl(ISRTScriptDialogsPriv.obs)
670  SprintfMsiLog                                      iswi.obl(HelperFuncs.obs)
671  StatusUpdate                                       isrt.obl(ui.obs)
672  StrAddLastSlash                                    isrt.obl(Str.obs)
673  StrConvertSizeUnit                                 isrt.obl(Str.obs)
674  StrDelete                                          iswi.obl(HelperFuncs.obs)
675  StrFindEx                                          isrt.obl(Str.obs)
676  StrGetTokens                                       isrt.obl(Str.obs)
677  StrLength                                          isrt.obl(Str.obs)
678  StrParseMSIMessage                                 isrt.obl(Str.obs)
679  StrRemoveLastSlash                                 isrt.obl(Str.obs)
680  StrReplace                                         isrt.obl(Str.obs)
681  StrToNumHex                                        isrt.obl(Str.obs)
682  StrToUpper                                         isrt.obl(Str.obs)
683  StrTrim                                            isrt.obl(Str.obs)
684  SuiteLogInfo                                       isrt.obl(SuiteWrappers.obs)
685  SuiteReportError                                   isrt.obl(SuiteWrappers.obs)
686  SysVarsInit                                        isrt.obl(SysVars.obs)
687  SysVarsInitConv                                    iswi.obl(SysVarsConv.obs)
688  SysVarsTrace                                       isrt.obl(SysVars.obs)
689  SysVarsUnInit                                      iswi.obl(SysVarsConv.obs)
690  System                                             isrt.obl(Misc.obs)
691  SystemRestoreCancelRestorePointIS                  isrt.obl(PCRestore.obs)
692  SystemRestoreCloseRestorePointIS                   isrt.obl(PCRestore.obs)
693  SystemRestoreDisableIS                             isrt.obl(PCRestore.obs)
694  SystemRestoreIsEnabledIS                           isrt.obl(PCRestore.obs)
695  SystemRestoreOpenRestorePointIS                    isrt.obl(PCRestore.obs)
696  TextSubGetValue                                    isrt.obl(TextSub.obs)
697  TextSubParseTextSub                                isrt.obl(TextSub.obs)
698  TextSubSetValue                                    isrt.obl(TextSub.obs)
699  TextSubSubstitute                                  isrt.obl(TextSub.obs)
700  TreeViewCreate                                     isrt.obl(CmptView.obs)
701  USER.EnableWindow                                  Setup.obs
702  USER.GetClassName                                  Setup.obs
703  USER.GetDC                                         Setup.obs
704  USER.GetDlgItem                                    Setup.obs
705  USER.GetFocus                                      Setup.obs
706  USER.GetWindowLong                                 Setup.obs
707  USER.GetWindowRect                                 Setup.obs
708  USER.IsIconic                                      Setup.obs
709  USER.IsWindow                                      Setup.obs
710  USER.PostMessage                                   Setup.obs
711  USER.ReleaseDC                                     Setup.obs
712  USER.SendMessageW                                  Setup.obs
713  USER.SetFocus                                      Setup.obs
714  USER.SetWindowPos                                  Setup.obs
715  USER.SetWindowText                                 Setup.obs
716  USER.ShowWindow                                    Setup.obs
717  USER32.CharUpperBuffW                              Setup.obs
718  USER32.DestroyWindow                               Setup.obs
719  USER32.DispatchMessage                             Setup.obs
720  USER32.GetDesktopWindow                            Setup.obs
721  USER32.GetSystemMetrics                            Setup.obs
722  USER32.GetWindowText                               Setup.obs
723  USER32.GetWindowTextLength                         Setup.obs
724  USER32.InvalidateRect                              Setup.obs
725  USER32.IsWindowVisible                             Setup.obs
726  USER32.MessageBoxW                                 Setup.obs
727  USER32.PeekMessageW                                Setup.obs
728  USER32.SendMessageW                                Setup.obs
729  USER32.SetForegroundWindow                         Setup.obs
730  USER32.SetWindowLong                               Setup.obs
731  USER32.SetWindowRgn                                Setup.obs
732  USER32.TranslateMessage                            Setup.obs
733  UpdateDirectoryPathForIsMsiEeui                    iswi.obl(HelperFuncs.obs)
734  UpdateServiceEnableUpdateService                   isrt.obl(ISUpdateService.obs)
735  User32.LoadStringW                                 iswi.obl(ComponentConv.obs)
736  VarInit                                            isrt.obl(SysVars.obs)
737  VarRestore                                         iswi.obl(SysVarsConv.obs)
738  VarRestoreISRT                                     isrt.obl(SysVars.obs)
739  VarSave                                            iswi.obl(SysVarsConv.obs)
740  VarSaveISRT                                        isrt.obl(SysVars.obs)
741  VerCompare                                         isrt.obl(version.obs)
742  VerProductCompareVersions                          isrt.obl(version.obs)
743  VerProductGetInstalledVersion                      isrt.obl(version.obs)
744  VerProductIsVersionSupported                       isrt.obl(version.obs)
745  VerProductNumToStr                                 isrt.obl(version.obs)
746  VerProductStrToNum                                 isrt.obl(version.obs)
747  VerProductVerFromVerParts                          isrt.obl(version.obs)
748  VerProductVerPartsFromVer                          isrt.obl(version.obs)
749  WaitOnDialog                                       isrt.obl(CustomDialog.obs)
750  WizardDirection                                    ifx.obl(EventsSetupPriv.obs)
751  WriteLine                                          isrt.obl(Files.obs)
752  WriteProfInt                                       isrt.obl(Profile.obs)
753  WriteProfString                                    isrt.obl(Profile.obs)
754  WriteProperties                                    ifx.obl(PersistPropertyBag.obs)
755  __AddStringToArray                                 iswi.obl(HelperFuncs.obs)
756  __Begin                                            iswi.obl(DriverConv.obs)
757  __ComponentListItemsEx                             iswi.obl(CompHelperFuncs.obs)
758  __ComponentListItemsExInstall                      iswi.obl(CompHelperFuncs.obs)
759  __ComponentListItemsExUnInstall                    iswi.obl(CompHelperFuncs.obs)
760  __ComponentMoveXferData                            iswi.obl(CompHelperFuncs.obs)
761  __End                                              iswi.obl(DriverConv.obs)
762  __GetFinishMode                                    iswi.obl(ISWiInit.obs)
763  __GetMsiHandle                                     iswi.obl(SysVarsConv.obs)
764  __GetSourceDir                                     iswi.obl(SysVarsConv.obs)
765  __HandleError                                      iswi.obl(ErrHandler.obs)
766  __ISRTDoExit                                       isrt.obl(Misc.obs)
767  __ISRTInit                                         isrt.obl(ISRTInit.obs)
768  __ISRTRestoreMainLog                               isrt.obl(ISRTInit.obs)
769  __ISRTRestoreMainLogEx                             isrt.obl(ISRTInit.obs)
770  __ISRTSetComponentLog                              isrt.obl(ISRTInit.obs)
771  __ISRTUnInit                                       isrt.obl(ISRTInit.obs)
772  __ISWIInit                                         iswi.obl(ISWiInit.obs)
773  __ISWIMsiHandle                                    iswi.obl(ISWiInit.obs)
774  __ISWIUnInit                                       iswi.obl(ISWiInit.obs)
775  __IsArrayEmpty                                     iswi.obl(HelperFuncs.obs)
776  __LoadIScriptString                                isrt.obl(LoadStr.obs)
777  __Moved                                            iswi.obl(FileTransferFuncsConv.obs)
778  __Moving                                           iswi.obl(FileTransferFuncsConv.obs)
779  __MsiOpenView                                      iswi.obl(CompHelperFuncs.obs)
780  __MsiQueryFeatureState                             iswi.obl(MsiWrappersConv.obs)
781  __MsiRecordGetString                               iswi.obl(MsiWrappersConv.obs)
782  __OnAbort                                          iswi.obl(DriverConv.obs)
783  __OnAdminPatch                                     iswi.obl(DriverConv.obs)
784  __OnAdministrativeInstall                          iswi.obl(DriverConv.obs)
785  __OnAdvertisement                                  iswi.obl(DriverConv.obs)
786  __OnBegin                                          iswi.obl(DriverConv.obs)
787  __OnCanceling                                      iswi.obl(DriverConv.obs)
788  __OnEnd                                            iswi.obl(DriverConv.obs)
789  __OnError                                          iswi.obl(DriverConv.obs)
790  __OnMsiMaintenance                                 iswi.obl(DriverConv.obs)
791  __OnMsiRebooted                                    iswi.obl(DriverConv.obs)
792  __OnMsiSilentInstall                               iswi.obl(DriverConv.obs)
793  __OnMsiUninstall                                   iswi.obl(DriverConv.obs)
794  __OnPatch                                          iswi.obl(DriverConv.obs)
795  __OnResume                                         iswi.obl(DriverConv.obs)
796  __OnWarning                                        iswi.obl(DriverConv.obs)
797  __ResetMsiObject                                   iswi.obl(ISWiInit.obs)
798  __SetMaintenance                                   iswi.obl(ISWiInit.obs)
799  __SetMsiHandle                                     iswi.obl(SysVarsConv.obs)
800  __SetMsiServer                                     iswi.obl(ISWiInit.obs)
801  __SetPatch                                         iswi.obl(SysVarsConv.obs)
802  __SetSourceDir                                     iswi.obl(SysVarsConv.obs)
803  isrt._ComponentGetData                             iswi.obl(ComponentConv.obs)
804  isrt._ComponentIsItemSelected                      iswi.obl(ComponentConv.obs)
805  isrt._ComponentListItems                           iswi.obl(ComponentConv.obs)
806  isrt._ComponentReinstall                           iswi.obl(ComponentConv.obs)
807  isrt._ComponentRemoveAll                           iswi.obl(ComponentConv.obs)
808  isrt._ComponentSelectItem                          iswi.obl(ComponentConv.obs)
809  isrt._ComponentSetupTypeSet                        iswi.obl(ComponentConv.obs)
810  isrt._EnableDialogCache                            iswi.obl(ISWiInit.obs)
811  msi.MsiCloseHandle                                 iswi.obl(RedirectedMsiFuncsConv.obs)
812  msi.MsiCreateRecord                                iswi.obl(RedirectedMsiFuncsConv.obs)
813  msi.MsiDatabaseOpenViewW                           Setup.obs
814  msi.MsiDoActionW                                   Setup.obs
815  msi.MsiGetActiveDatabase                           iswi.obl(RedirectedMsiFuncsConv.obs)
816  msi.MsiGetMode                                     iswi.obl(RedirectedMsiFuncsConv.obs)
817  msi.MsiGetProductInfoW                             Setup.obs
818  msi.MsiGetPropertyW                                Setup.obs
819  msi.MsiGetSourcePathW                              Setup.obs
820  msi.MsiGetTargetPathW                              Setup.obs
821  msi.MsiProcessMessage                              iswi.obl(RedirectedMsiFuncsConv.obs)
822  msi.MsiQueryFeatureStateW                          Setup.obs
823  msi.MsiRecordGetInteger                            iswi.obl(RedirectedMsiFuncsConv.obs)
824  msi.MsiRecordGetStringW                            Setup.obs
825  msi.MsiRecordSetStringW                            Setup.obs
826  msi.MsiSetPropertyW                                Setup.obs
827  msi.MsiSetTargetPathW                              Setup.obs
828  msi.MsiViewExecute                                 iswi.obl(RedirectedMsiFuncsConv.obs)
829  msi.MsiViewFetch                                   iswi.obl(RedirectedMsiFuncsConv.obs)
830  program                                            iswi.obl(DriverConv.obs)
831  sfc.SRSetRestorePointW                             Setup.obs


***** External Variables *****
1    ADDREMOVE                                          iswi.obl(SysVarsConv.obs)
2    ADDREMOVE_COMBINEDBUTTON                           Setup.obs
3    ADDREMOVE_HIDECHANGEOPTION                         Setup.obs
4    ADDREMOVE_HIDEREMOVEOPTION                         Setup.obs
5    ADDREMOVE_HIDEREPAIROPTION                         Setup.obs
6    ADDREMOVE_STRING_REMOVEONLY                        Setup.obs
7    ADDREMOVE_SYSTEMCOMPONENT                          Setup.obs
8    ADMINUSER                                          Setup.obs
9    ALLUSERS                                           Setup.obs
10   AdminToolsFolder                                   iswi.obl(DebugSymbolsConv.obs)
11   AppDataFolder                                      iswi.obl(DebugSymbolsConv.obs)
12   BASICMSI                                           iswi.obl(SysVarsConv.obs)
13   BATCH_INSTALL                                      Setup.obs
14   CMDLINE                                            iswi.obl(SysVarsConv.obs)
15   COMMONFILES                                        iswi.obl(SysVarsConv.obs)
16   COMMONFILES64                                      iswi.obl(SysVarsConv.obs)
17   CommonAppDataFolder                                iswi.obl(DebugSymbolsConv.obs)
18   CommonFiles64Folder                                iswi.obl(DebugSymbolsConv.obs)
19   CommonFilesFolder                                  iswi.obl(DebugSymbolsConv.obs)
20   DISABLE_ALLUSERBTN                                 Setup.obs
21   DISABLE_PERUSERBTN                                 Setup.obs
22   DISK1SETUPEXENAME                                  iswi.obl(SysVarsConv.obs)
23   DISK1TARGET                                        Setup.obs
24   DesktopFolder                                      iswi.obl(DebugSymbolsConv.obs)
25   ENABLED_ISERVICES                                  iswi.obl(SysVarsConv.obs)
26   ENGINECOMMONDIR                                    iswi.obl(SysVarsConv.obs)
27   ENGINEDIR                                          iswi.obl(SysVarsConv.obs)
28   ERRORFILENAME                                      Setup.obs
29   ERRORINFO                                          iswi.obl(ComponentConv.obs)
30   Err                                                Setup.obs
31   FEATURE                                            iswi.obl(ComponentConv.obs)
32   FILEERROR                                          iswi.obl(ComponentConv.obs)
33   FILETIME                                           Setup.obs
34   FIND_DATAW                                         Setup.obs
35   FOLDER_APPDATA                                     iswi.obl(SysVarsConv.obs)
36   FOLDER_COMMON_APPDATA                              iswi.obl(SysVarsConv.obs)
37   FOLDER_DESKTOP                                     iswi.obl(SysVarsConv.obs)
38   FOLDER_DOTNET_10                                   iswi.obl(SysVarsConv.obs)
39   FOLDER_DOTNET_11                                   iswi.obl(SysVarsConv.obs)
40   FOLDER_DOTNET_20                                   iswi.obl(SysVarsConv.obs)
41   FOLDER_DOTNET_30                                   iswi.obl(SysVarsConv.obs)
42   FOLDER_DOTNET_35                                   iswi.obl(SysVarsConv.obs)
43   FOLDER_DOTNET_40                                   iswi.obl(SysVarsConv.obs)
44   FOLDER_FONTS                                       iswi.obl(SysVarsConv.obs)
45   FOLDER_LOCAL_APPDATA                               iswi.obl(SysVarsConv.obs)
46   FOLDER_PERSONAL                                    iswi.obl(SysVarsConv.obs)
47   FOLDER_PROGRAMS                                    iswi.obl(SysVarsConv.obs)
48   FOLDER_STARTMENU                                   iswi.obl(SysVarsConv.obs)
49   FOLDER_STARTUP                                     iswi.obl(SysVarsConv.obs)
50   FOLDER_TEMP                                        iswi.obl(SysVarsConv.obs)
51   FavoritesFolder                                    iswi.obl(DebugSymbolsConv.obs)
52   FileRegistrar                                      Setup.obs
53   FontsFolder                                        iswi.obl(DebugSymbolsConv.obs)
54   HIDE_DISABLED_BTNS                                 Setup.obs
55   HKEYCURRENTROOTKEY                                 Setup.obs
56   IFX_COMPANY_NAME                                   Setup.obs
57   IFX_DISK1INSTALLED                                 Setup.obs
58   IFX_INITIALIZED                                    Setup.obs
59   IFX_INSTALLED_DISPLAY_VERSION                      Setup.obs
60   IFX_INSTALLED_VERSION                              Setup.obs
61   IFX_KEYPATH_PRODUCT_INFO                           Setup.obs
62   IFX_MULTI_INSTANCE_SUFFIX                          Setup.obs
63   IFX_NETAPI_GROUP                                   Setup.obs
64   IFX_NETAPI_PASSWORD                                Setup.obs
65   IFX_NETAPI_USER_ACCOUNT                            Setup.obs
66   IFX_OPEN_RESTORE_POINT                             isrt.obl(PCRestore.obs)
67   IFX_PRODUCT_COMMENTS                               Setup.obs
68   IFX_PRODUCT_DISPLAY_NAME                           Setup.obs
69   IFX_PRODUCT_DISPLAY_VERSION                        Setup.obs
70   IFX_PRODUCT_ICON                                   Setup.obs
71   IFX_PRODUCT_KEY                                    Setup.obs
72   IFX_PRODUCT_NAME                                   Setup.obs
73   IFX_PRODUCT_README                                 Setup.obs
74   IFX_PRODUCT_REGISTEREDCOMPANY                      Setup.obs
75   IFX_PRODUCT_REGISTEREDOWNER                        Setup.obs
76   IFX_PRODUCT_REGISTEREDSERIALNUM                    Setup.obs
77   IFX_PRODUCT_SUPPORT_CONTACT                        Setup.obs
78   IFX_PRODUCT_SUPPORT_PHONE                          Setup.obs
79   IFX_PRODUCT_SUPPORT_URL                            Setup.obs
80   IFX_PRODUCT_UPDATE_URL                             Setup.obs
81   IFX_PRODUCT_URL                                    Setup.obs
82   IFX_PRODUCT_VERSION                                Setup.obs
83   IFX_RESTORE_DISABLED                               isrt.obl(PCRestore.obs)
84   IFX_SETUP_TITLE                                    Setup.obs
85   IFX_SUPPORTED_VERSIONS                             Setup.obs
86   IISROOTFOLDER                                      iswi.obl(SysVarsConv.obs)
87   INSTALLDIR                                         Setup.obs
88   INSTALLSCRIPTMSI                                   iswi.obl(SysVarsConv.obs)
89   INSTALLSCRIPTMSIEEUI                               iswi.obl(SysVarsConv.obs)
90   INSTANCE_GUID                                      iswi.obl(SysVarsConv.obs)
91   ISDIFXAPPID                                        Setup.obs
92   ISMSI_HANDLE                                       iswi.obl(DebugSymbolsConv.obs)
93   ISRES                                              iswi.obl(SysVarsConv.obs)
94   ISUSER                                             iswi.obl(SysVarsConv.obs)
95   ISUTIL_FUNCTION_ACTUAL_ERROR                       Setup.obs
96   ISUTIL_FUNCTION_ERROR                              iswi.obl(CompHelperFuncs.obs)
97   ISUTIL_LINE_NUMBER                                 Setup.obs
98   ISUTIL_POSITIVE_ERROR                              iswi.obl(CompHelperFuncs.obs)
99   ISUTIL_SCRIPT_FILE                                 Setup.obs
100  ISVERSION                                          iswi.obl(SysVarsConv.obs)
101  IS_NULLSTR_PTR                                     Setup.obs
102  InetSRCDIR                                         Setup.obs
103  LAAW_PARAMETERS                                    Setup.obs
104  LAAW_SHELLEXECUTEINFO                              Setup.obs
105  LAAW_SHELLEXECUTEVERB                              Setup.obs
106  LAAW_STARTUPINFO                                   Setup.obs
107  LAST_RESULT                                        Setup.obs
108  LVITEMW                                            Setup.obs
109  LV_COLUMNW                                         Setup.obs
110  LocalAppDataFolder                                 iswi.obl(DebugSymbolsConv.obs)
111  LogDB                                              Setup.obs
112  MAINTENANCE                                        iswi.obl(SysVarsConv.obs)
113  MAINT_OPTION                                       iswi.obl(SysVarsConv.obs)
114  MEDIA                                              Setup.obs
115  MEDIA_INFO                                         iswi.obl(FeatureConv.obs)
116  MODE                                               Setup.obs
117  MSG                                                Setup.obs
118  MULTI_INSTANCE_COUNT                               iswi.obl(SysVarsConv.obs)
119  MainWindow                                         Setup.obs
120  MyPicturesFolder                                   iswi.obl(DebugSymbolsConv.obs)
121  NOTHING                                            Setup.obs
122  NetHoodFolder                                      iswi.obl(DebugSymbolsConv.obs)
123  OSINFO_PLATFORM_INFO                               Setup.obs
124  OSINFO_PROCESSOR_INFO                              Setup.obs
125  OSVERSIONINFOEXW                                   Setup.obs
126  OSVERSIONINFOW                                     Setup.obs
127  Objects                                            Setup.obs
128  OriginalDatabase                                   iswi.obl(DebugSymbolsConv.obs)
129  PACKAGE_LOCATION                                   iswi.obl(SysVarsConv.obs)
130  PATCH                                              iswi.obl(DebugSymbolsConv.obs)
131  POINT                                              Setup.obs
132  PRIVILEGED                                         Setup.obs
133  PRODUCT_GUID                                       iswi.obl(SysVarsConv.obs)
134  PROGRAMFILES                                       iswi.obl(SysVarsConv.obs)
135  PROGRAMFILES64                                     iswi.obl(SysVarsConv.obs)
136  PersonalFolder                                     iswi.obl(DebugSymbolsConv.obs)
137  PrintHoodFolder                                    iswi.obl(DebugSymbolsConv.obs)
138  ProgramFiles64Folder                               iswi.obl(DebugSymbolsConv.obs)
139  ProgramFilesFolder                                 iswi.obl(DebugSymbolsConv.obs)
140  ProgramMenuFolder                                  iswi.obl(DebugSymbolsConv.obs)
141  RECT                                               Setup.obs
142  REGDB_OPTIONS                                      Setup.obs
143  REINSTALLMODE                                      iswi.obl(SysVarsConv.obs)
144  REMOVEALLMODE                                      iswi.obl(SysVarsConv.obs)
145  REMOVEONLY                                         iswi.obl(SysVarsConv.obs)
146  RUN_ONCE_PROGRAM                                   iswi.obl(SysVarsConv.obs)
147  Reboot                                             Setup.obs
148  RecentFolder                                       iswi.obl(DebugSymbolsConv.obs)
149  SELECTED_LANGUAGE                                  iswi.obl(SysVarsConv.obs)
150  SERVICE_IS_PARAMS                                  Setup.obs
151  SETUPTYPE_STR_COMPACT                              Setup.obs
152  SETUPTYPE_STR_COMPLETE                             Setup.obs
153  SETUPTYPE_STR_CUSTOM                               Setup.obs
154  SETUPTYPE_STR_TYPICAL                              Setup.obs
155  SHAREDSUPPORTDIR                                   iswi.obl(SysVarsConv.obs)
156  SHELLEXECUTEINFOW                                  Setup.obs
157  SHELL_OBJECT_FOLDER                                Setup.obs
158  SHOW_PASSWORD_DIALOG                               iswi.obl(SysVarsConv.obs)
159  SRCDIR                                             Setup.obs
160  SRCDISK                                            iswi.obl(SysVarsConv.obs)
161  STANDARD_SELECTED_LANGUAGE                         iswi.obl(SysVarsConv.obs)
162  STARTUPINFOW                                       Setup.obs
163  SUITE_HOSTED                                       iswi.obl(SysVarsConv.obs)
164  SUPPORTDIR                                         iswi.obl(SysVarsConv.obs)
165  SYSINFO                                            Setup.obs
166  SYSPROCESSORINFO                                   Setup.obs
167  SYSTEMTIME                                         Setup.obs
168  SendToFolder                                       iswi.obl(DebugSymbolsConv.obs)
169  SetupInfo                                          Setup.obs
170  SourceDir                                          iswi.obl(DebugSymbolsConv.obs)
171  StartMenuFolder                                    iswi.obl(DebugSymbolsConv.obs)
172  StartupFolder                                      iswi.obl(DebugSymbolsConv.obs)
173  StatusDlg                                          Setup.obs
174  SuiteHost                                          Setup.obs
175  System16Folder                                     iswi.obl(DebugSymbolsConv.obs)
176  System64Folder                                     iswi.obl(DebugSymbolsConv.obs)
177  SystemFolder                                       iswi.obl(DebugSymbolsConv.obs)
178  TARGETDIR                                          Setup.obs
179  TARGETDISK                                         iswi.obl(SysVarsConv.obs)
180  TempFolder                                         iswi.obl(DebugSymbolsConv.obs)
181  TemplateFolder                                     iswi.obl(DebugSymbolsConv.obs)
182  TextSub                                            Setup.obs
183  UNINST                                             Setup.obs
184  UNINSTALLKEY                                       Setup.obs
185  UNINSTALL_DISPLAYNAME                              Setup.obs
186  UNINSTALL_STRING                                   Setup.obs
187  UPDATEMODE                                         Setup.obs
188  WINDIR                                             iswi.obl(SysVarsConv.obs)
189  WINDISK                                            iswi.obl(SysVarsConv.obs)
190  WINSYSDIR                                          iswi.obl(SysVarsConv.obs)
191  WINSYSDIR64                                        iswi.obl(SysVarsConv.obs)
192  WINSYSDISK                                         iswi.obl(SysVarsConv.obs)
193  WindowsFolder                                      iswi.obl(DebugSymbolsConv.obs)
194  WindowsVolume                                      iswi.obl(DebugSymbolsConv.obs)
195  _FONTFILEINFO                                      ifx.obl(EventsPriv.obs)
196  _INT64                                             Setup.obs
197  _ISDIFXINSTALLERINFO                               isrt.obl(ISDIFx.obs)
198  _LAAW_PARAMETERS                                   Setup.obs
199  _RESTOREPOINTINFO                                  Setup.obs
200  _SERVICE_IS_PARAMS                                 Setup.obs
201  _STATEMGRSTATUS                                    Setup.obs
202  _WIN9X                                             Setup.obs
203  _WINNT                                             Setup.obs
204  __gbAliasingOff                                    iswi.obl(CompHelperFuncs.obs)
205  __gbCheckForUpdate                                 iswi.obl(CompHelperFuncs.obs)
206  __gbGetTarget                                      iswi.obl(CompHelperFuncs.obs)
207  __gbInitialized                                    iswi.obl(CompHelperFuncs.obs)
208  __gbInstallInfo                                    Setup.obs
209  __gbMaintenance                                    iswi.obl(CompHelperFuncs.obs)
210  __gbReopening                                      iswi.obl(CompHelperFuncs.obs)
211  __ghActiveDataBase                                 iswi.obl(CompHelperFuncs.obs)
212  __ghErrFileHandle                                  iswi.obl(CompHelperFuncs.obs)
213  __ghMsiInstall                                     iswi.obl(CompHelperFuncs.obs)
214  __gnButtonSelected                                 iswi.obl(CompHelperFuncs.obs)
215  __gnLastError                                      iswi.obl(CompHelperFuncs.obs)
216  __gnMsiReturn                                      iswi.obl(CompHelperFuncs.obs)
217  __gnOSMask                                         iswi.obl(CompHelperFuncs.obs)
218  __gnScriptMode                                     iswi.obl(CompHelperFuncs.obs)
219  __goISDriver                                       iswi.obl(CompHelperFuncs.obs)
220  __goMsiServer                                      iswi.obl(CompHelperFuncs.obs)
221  __gsINSTALLDIR                                     iswi.obl(CompHelperFuncs.obs)
222  __gsProductGuid                                    iswi.obl(CompHelperFuncs.obs)
223  __gsSourceDir                                      iswi.obl(CompHelperFuncs.obs)
224  __hContext                                         Setup.obs
225  __objGlobalTextSub                                 Setup.obs
226  __objStringTable                                   iswi.obl(ISWiInit.obs)
227  __szGUID                                           Setup.obs
228  bBackButton                                        Setup.obs
229  bCancelButton                                      Setup.obs
230  bEnterDiskBeep                                     Setup.obs
231  bFinishButton                                      Setup.obs
232  bIFXLFNoToAll                                      Setup.obs
233  bIFXLFOnRebootToAll                                Setup.obs
234  bIFXLFYesToAll                                     Setup.obs
235  bIFXMD5IgnoreToAll                                 Setup.obs
236  bIFXRONoToAll                                      Setup.obs
237  bIFXROYesToAll                                     Setup.obs
238  bIFXSFNoToAll                                      Setup.obs
239  bIFXSFYesToAll                                     Setup.obs
240  bInstall16                                         Setup.obs
241  bNextButton                                        Setup.obs
242  bSdInit                                            Setup.obs
243  bViewCmptKunits                                    Setup.obs
244  bViewCmptUseDecimal                                Setup.obs
245  g_bSuppressMissingStringWarning                    iswi.obl(DriverConv.obs)
246  g_nDlgAskPath                                      Setup.obs
247  nDlgAskOptions                                     Setup.obs
248  nDlgEnterPassword                                  Setup.obs
249  nDlgMessageBox                                     Setup.obs
250  nDlgSelectDir                                      Setup.obs
251  nDlgSetupType2                                     Setup.obs
252  nDlgSprintfBox                                     Setup.obs
253  nSdAskDestPath                                     Setup.obs
254  nSdComponentTree                                   Setup.obs
255  nSdDiskSpaceRequirements                           Setup.obs
256  nSdFinish                                          Setup.obs
257  nSdFinishReboot                                    Setup.obs
258  nSdOutOfDiskSpace                                  Setup.obs
259  nSdPatchWelcome                                    Setup.obs
260  nSdRegisterUser                                    Setup.obs
261  nSdStartCopy2                                      Setup.obs
262  nSdWelcome                                         Setup.obs
263  nSdWelcomeMaint                                    Setup.obs
264  szAppKey                                           Setup.obs
265  szSdProduct                                        Setup.obs
266  szSdStr_NotEnoughSpace                             Setup.obs
