***** External Functions *****
1    AddFontRegistrationToLog                           isrt.obl(Misc.obs)
2    AdminAskPath                                       isrt.obl(ISRTScriptDialogs.obs)
3    AllFeaturesDeselected                              iswi.obl(CompHelperFuncs.obs)
4    AskOptions                                         isrt.obl(ISRTScriptDialogs.obs)
5    CHECK_RETURN                                       iswi.obl(ErrHandler.obs)
6    ChangeDirectory                                    isrt.obl(Files.obs)
7    CloseFile                                          isrt.obl(Files.obs)
8    CmdGetHwndDlg                                      isrt.obl(CustomDialog.obs)
9    ComponentAddFileToLog                              isrt.obl(component.obs)
10   ComponentCompareSizeRequired                       isrt.obl(component.obs)
11   ComponentErrorInfo                                 isrt.obl(component.obs)
12   ComponentGetData                                   isrt.obl(component.obs)
13   ComponentGetTotalCost                              isrt.obl(component.obs)
14   ComponentIsItemSelected                            isrt.obl(component.obs)
15   ComponentListItems                                 isrt.obl(component.obs)
16   ComponentReinstall                                 isrt.obl(component.obs)
17   ComponentRemoveAll                                 isrt.obl(component.obs)
18   ComponentSaveTarget                                isrt.obl(component.obs)
19   ComponentSelectItem                                isrt.obl(component.obs)
20   ComponentTransferData                              isrt.obl(component.obs)
21   ComponentTreeInit                                  isrt.obl(Dialogs.obs)
22   CreateDir                                          isrt.obl(Files.obs)
23   CreateFile                                         isrt.obl(Files.obs)
24   CreateInstallationInfo                             isrt.obl(Registry.obs)
25   CreateRegistrySet                                  iswi.obl(ComponentConv.obs)
26   CtrlGetDlgItem                                     isrt.obl(CustomDialog.obs)
27   CtrlGetNotificationCode                            isrt.obl(CustomDialog.obs)
28   CtrlGetState                                       isrt.obl(CustomDialog.obs)
29   CtrlGetSubCommand                                  isrt.obl(CustomDialog.obs)
30   CtrlGetText                                        isrt.obl(CustomDialog.obs)
31   CtrlSelectText                                     isrt.obl(CustomDialog.obs)
32   CtrlSetList                                        isrt.obl(CustomDialog.obs)
33   CtrlSetState                                       isrt.obl(CustomDialog.obs)
34   CtrlSetText                                        isrt.obl(CustomDialog.obs)
35   DIFxDriverPackageUninstall                         isrt.obl(ISDIFx.obs)
36   DRMINSTALLERPRO.DRMInstallPRO                      isrt.obl(Activation.obs)
37   DRMINSTALLERPRO.DRMUnInstallPRO                    isrt.obl(Activation.obs)
38   DefineDialog                                       isrt.obl(CustomDialog.obs)
39   Delay                                              isrt.obl(Misc.obs)
40   DeleteFile                                         isrt.obl(Files.obs)
41   DeleteSingleFile                                   isrt.obl(Files.obs)
42   DialogSetDefaultFont                               isrt.obl(Dialogs.obs)
43   DialogSetFont                                      isrt.obl(Dialogs.obs)
44   DialogSetInfo                                      isrt.obl(Dialogs.obs)
45   Disable                                            isrt.obl(Enable.obs)
46   DllSizeOf                                          isrt.obl(Str.obs)
47   Do                                                 isrt.obl(Misc.obs)
48   Enable                                             isrt.obl(Enable.obs)
49   EndCurrentDialog                                   isrt.obl(Dialogs.obs)
50   EndDialog                                          isrt.obl(CustomDialog.obs)
51   EnterPassword                                      isrt.obl(ISRTScriptDialogs.obs)
52   ExistsDir                                          isrt.obl(Files.obs)
53   EzDefineDialog                                     isrt.obl(CustomDialog.obs)
54   FeatureAddFileToLog                                iswi.obl(FeatureConv.obs)
55   FeatureCompareSizeRequired                         iswi.obl(FeatureConv.obs)
56   FeatureErrorInfo                                   iswi.obl(ComponentConv.obs)
57   FeatureFilterLanguage                              iswi.obl(FeatureConv.obs)
58   FeatureFilterOS                                    iswi.obl(FeatureConv.obs)
59   FeatureGetData                                     iswi.obl(ComponentConv.obs)
60   FeatureGetTotalCost                                iswi.obl(FeatureConv.obs)
61   FeatureIsItemSelected                              iswi.obl(ComponentConv.obs)
62   FeatureListItems                                   iswi.obl(ComponentConv.obs)
63   FeaturePatch                                       iswi.obl(FeatureConv.obs)
64   FeatureReinstall                                   iswi.obl(ComponentConv.obs)
65   FeatureRemoveAll                                   iswi.obl(ComponentConv.obs)
66   FeatureSaveTarget                                  iswi.obl(FeatureConv.obs)
67   FeatureSelectItem                                  iswi.obl(ComponentConv.obs)
68   FeatureSelectNew                                   iswi.obl(FeatureConv.obs)
69   FeatureSetupTypeSet                                iswi.obl(ComponentConv.obs)
70   FeatureStandardSetupTypeSet                        iswi.obl(FeatureConv.obs)
71   FeatureTransferData                                iswi.obl(ComponentConv.obs)
72   FeatureValidate                                    iswi.obl(ComponentConv.obs)
73   FeaturesInstalled                                  iswi.obl(FileTransferFuncsConv.obs)
74   FeaturesInstalling                                 iswi.obl(FileTransferFuncsConv.obs)
75   FillLists                                          isrt.obl(ISRTScriptDialogs.obs)
76   FinalConstruct                                     ifx.obl(EventsPriv.obs)
77   FinalRelease                                       ifx.obl(EventsPriv.obs)
78   FindFile                                           isrt.obl(Files.obs)
79   FormatMessage                                      isrt.obl(Misc.obs)
80   GDI32.AddFontResource                              Setup.obs
81   GDI32.CreateRectRgn                                Setup.obs
82   GDI32.GetDeviceCaps                                Setup.obs
83   GDI32.RemoveFontResource                           Setup.obs
84   GeneratedMSIScript                                 iswi.obl(FileTransferFuncsConv.obs)
85   GeneratingMSIScript                                iswi.obl(FileTransferFuncsConv.obs)
86   GetAddRemove                                       isrt.obl(SysVars.obs)
87   GetBasicMSI                                        isrt.obl(SysVars.obs)
88   GetBillboard                                       isrt.obl(SysVars.obs)
89   GetCompItemList                                    iswi.obl(CompHelperFuncs.obs)
90   GetComponentsFeatures                              iswi.obl(CompHelperFuncs.obs)
91   GetCurrentDialogName                               isrt.obl(Dialogs.obs)
92   GetCurrentDir                                      isrt.obl(Files.obs)
93   GetDialogTitle                                     isrt.obl(Dialogs.obs)
94   GetDir                                             isrt.obl(Str.obs)
95   GetDisk                                            isrt.obl(Str.obs)
96   GetDiskSpace                                       isrt.obl(GSI.obs)
97   GetDiskSpaceEx                                     isrt.obl(GSI.obs)
98   GetEnabledIServices                                isrt.obl(SysVars.obs)
99   GetExtents                                         isrt.obl(GSI.obs)
100  GetFolderApplications                              isrt.obl(SysVars.obs)
101  GetFolderApplications64                            isrt.obl(SysVars.obs)
102  GetFolderDotNet10                                  isrt.obl(SysVars.obs)
103  GetFolderDotNet11                                  isrt.obl(SysVars.obs)
104  GetFolderDotNet20                                  isrt.obl(SysVars.obs)
105  GetFolderFonts                                     isrt.obl(SysVars.obs)
106  GetISRes                                           isrt.obl(SysVars.obs)
107  GetInstallScriptMSI                                isrt.obl(SysVars.obs)
108  GetInstallScriptMSIEEUI                            isrt.obl(SysVars.obs)
109  GetInstanceGUID                                    isrt.obl(SysVars.obs)
110  GetKeyPathWinCurrVerAuto                           isrt.obl(SysVars.obs)
111  GetLog                                             isrt.obl(SysVars.obs)
112  GetLogEx                                           isrt.obl(SysVars.obs)
113  GetMSIFeatureName                                  iswi.obl(CompHelperFuncs.obs)
114  GetMaintOption                                     isrt.obl(SysVars.obs)
115  GetMaintenance                                     iswi.obl(ISWiInit.obs)
116  GetMsiFeaturePath                                  iswi.obl(CompHelperFuncs.obs)
117  GetMsiNameFromAliasTable                           iswi.obl(CompHelperFuncs.obs)
118  GetMultiInstanceCount                              isrt.obl(SysVars.obs)
119  GetOpenFileMode                                    isrt.obl(Files.obs)
120  GetPackageLocation                                 isrt.obl(SysVars.obs)
121  GetPlatformList                                    iswi.obl(CompHelperFuncs.obs)
122  GetProductGUID                                     iswi.obl(ISWiInit.obs)
123  GetProfString                                      isrt.obl(Profile.obs)
124  GetProgramFiles                                    isrt.obl(SysVars.obs)
125  GetReinstallMode                                   isrt.obl(SysVars.obs)
126  GetRemoveAllMode                                   isrt.obl(SysVars.obs)
127  GetRemoveOnly                                      isrt.obl(SysVars.obs)
128  GetSelectedTreeComponent                           isrt.obl(CmptView.obs)
129  GetShowPasswordDialog                              isrt.obl(SysVars.obs)
130  GetStandardSelectedLanguage                        isrt.obl(SysVars.obs)
131  GetSupportDir                                      isrt.obl(SysVars.obs)
132  GetSystemInfo                                      isrt.obl(GSI.obs)
133  GetTempFolder                                      isrt.obl(SysVars.obs)
134  GetTrueTypeFontFileInfo                            isrt.obl(Misc.obs)
135  GetUserSelectableAuto                              isrt.obl(SysVars.obs)
136  GetValidDrivesList                                 isrt.obl(GSI.obs)
137  GetWinDir                                          isrt.obl(SysVars.obs)
138  GetWinSysDir                                       isrt.obl(SysVars.obs)
139  GetWindowHandle                                    iswi.obl(MiscConv.obs)
140  HIWORD                                             isrt.obl(Misc.obs)
141  ISDeterminePlatform                                isrt.obl(OsInfo.obs)
142  ISMIF32.InstallStatusMIF                           isrt.obl(MIF.obs)
143  ISRT.ComponentViewSetInfoEx                        isrt.obl(Dialogs.obs)
144  ISRT.EnableHourGlass                               isrt.obl(Enable.obs)
145  ISRT.GetCPUType                                    isrt.obl(GSI.obs)
146  ISRT.GetFontSub                                    isrt.obl(Dialogs.obs)
147  ISRT.GetHandle                                     Setup.obs
148  ISRT.GetPorts                                      isrt.obl(GSI.obs)
149  ISRT.IsEmpty                                       Setup.obs
150  ISRT.IsNTAdmin                                     isrt.obl(Is.obs)
151  ISRT.IsObject                                      Setup.obs
152  ISRT.IsPowerUser                                   isrt.obl(Is.obs)
153  ISRT.LangLoadString                                isrt.obl(SDINT.obs)
154  ISRT.MessageBeepP                                  Setup.obs
155  ISRT.PathCompactPathPixel                          isrt.obl(CustomDialog.obs)
156  ISRT.PathGetDir                                    isrt.obl(Str.obs)
157  ISRT.PathGetDrive                                  isrt.obl(Str.obs)
158  ISRT.PathGetFile                                   isrt.obl(Files.obs)
159  ISRT.PathGetFileExt                                isrt.obl(Str.obs)
160  ISRT.PathGetFileName                               isrt.obl(Str.obs)
161  ISRT.PathGetPath                                   isrt.obl(Str.obs)
162  ISRT.PathIsValidSyntax                             isrt.obl(Is.obs)
163  ISRT.VerGetFileVersion                             Setup.obs
164  ISRT._BrowseForFolder                              isrt.obl(ISRTScriptDialogsPriv.obs)
165  ISRT._CleanupInet                                  isrt.obl(MIO.obs)
166  ISRT._CloseFile                                    isrt.obl(Files.obs)
167  ISRT._CmdGetHwndDlg                                isrt.obl(CustomDialog.obs)
168  ISRT._CompareDWORD                                 isrt.obl(Extend.obs)
169  ISRT._ComponentCompareSizeRequired                 iswi.obl(FeatureConv.obs)
170  ISRT._ComponentFilterLanguage                      iswi.obl(FeatureConv.obs)
171  ISRT._ComponentFilterOS                            iswi.obl(FeatureConv.obs)
172  ISRT._ComponentGetTotalCost                        iswi.obl(FeatureConv.obs)
173  ISRT._ComponentGetTotalCostEx                      Setup.obs
174  ISRT._ComponentPatch                               iswi.obl(FeatureConv.obs)
175  ISRT._ComponentSaveTarget                          iswi.obl(FeatureConv.obs)
176  ISRT._ComponentSelectNew                           iswi.obl(FeatureConv.obs)
177  ISRT._CreateDir                                    isrt.obl(Files.obs)
178  ISRT._CtrlGetNotificationCode                      isrt.obl(CustomDialog.obs)
179  ISRT._CtrlGetParentWindowHelper                    iswi.obl(MiscConv.obs)
180  ISRT._CtrlGetSubCommand                            isrt.obl(CustomDialog.obs)
181  ISRT._CtrlSetHtmlContent                           isrt.obl(CustomDialog.obs)
182  ISRT._DIFxDriverPackageUninstall                   isrt.obl(ISDIFx.obs)
183  ISRT._DefineDialog                                 isrt.obl(CustomDialog.obs)
184  ISRT._DialogSetFont                                isrt.obl(Dialogs.obs)
185  ISRT._DisableStatus                                isrt.obl(Enable.obs)
186  ISRT._DoSprintf                                    iswi.obl(HelperFuncs.obs)
187  ISRT._EnableDialogCache                            isrt.obl(Enable.obs)
188  ISRT._EnablePrevDialog                             Setup.obs
189  ISRT._EnableSkins                                  isrt.obl(Enable.obs)
190  ISRT._EnableStatus                                 isrt.obl(Enable.obs)
191  ISRT._EnableWow64FsRedirection                     isrt.obl(Enable.obs)
192  ISRT._EndDialog                                    isrt.obl(CustomDialog.obs)
193  ISRT._ExistsDir                                    isrt.obl(Files.obs)
194  ISRT._ExistsFile                                   isrt.obl(Files.obs)
195  ISRT._FloatingPointOperation                       Setup.obs
196  ISRT._GetCurrentDialogName                         isrt.obl(Dialogs.obs)
197  ISRT._GetDiskSpaceEx                               isrt.obl(GSI.obs)
198  ISRT._GetDiskSpaceExEx                             Setup.obs
199  ISRT._GetGlobalFlags                               isrt.obl(Misc.obs)
200  ISRT._GetGlobalMemorySize                          isrt.obl(GSI.obs)
201  ISRT._GetProcessorInfo                             isrt.obl(OsInfo.obs)
202  ISRT._GetSelectedTreeComponent                     isrt.obl(CmptView.obs)
203  ISRT._GetStandardLangId                            isrt.obl(Misc.obs)
204  ISRT._GetSupportDir                                isrt.obl(SysVars.obs)
205  ISRT._GetTrueTypeFontFileInfo                      isrt.obl(Misc.obs)
206  ISRT._GetVirtualMachineType                        isrt.obl(GSI.obs)
207  ISRT._InetEndofTransfer                            isrt.obl(iftw.obs)
208  ISRT._InetGetNextDisk                              isrt.obl(iftw.obs)
209  ISRT._IsFontTypefaceNameAvailable                  isrt.obl(Is.obs)
210  ISRT._IsInAdminGroup                               isrt.obl(Is.obs)
211  ISRT._IsLangSupported                              isrt.obl(Is.obs)
212  ISRT._IsSkinLoaded                                 isrt.obl(Is.obs)
213  ISRT._IsVirtualMachine                             isrt.obl(OsInfo.obs)
214  ISRT._IsWindowsME                                  isrt.obl(GSI.obs)
215  ISRT._IsWow64                                      isrt.obl(OsInfo.obs)
216  ISRT._ListAddItem                                  isrt.obl(scrlist.obs)
217  ISRT._ListAddString                                isrt.obl(scrlist.obs)
218  ISRT._ListCount                                    isrt.obl(scrlist.obs)
219  ISRT._ListCreate                                   isrt.obl(scrlist.obs)
220  ISRT._ListCurrentString                            isrt.obl(scrlist.obs)
221  ISRT._ListDeleteItem                               isrt.obl(scrlist.obs)
222  ISRT._ListDeleteString                             isrt.obl(scrlist.obs)
223  ISRT._ListDestroy                                  isrt.obl(scrlist.obs)
224  ISRT._ListFindItem                                 isrt.obl(scrlist.obs)
225  ISRT._ListFindString                               isrt.obl(scrlist.obs)
226  ISRT._ListGetFirstItem                             isrt.obl(scrlist.obs)
227  ISRT._ListGetFirstString                           isrt.obl(scrlist.obs)
228  ISRT._ListGetNextItem                              isrt.obl(scrlist.obs)
229  ISRT._ListGetNextString                            isrt.obl(scrlist.obs)
230  ISRT._ListGetType                                  isrt.obl(scrlist.obs)
231  ISRT._ListSetIndex                                 isrt.obl(scrlist.obs)
232  ISRT._MediaGetFilteringInfo                        iswi.obl(FeatureConv.obs)
233  ISRT._MediaGetInfo                                 iswi.obl(FeatureConv.obs)
234  ISRT._OnUninstPriv                                 Setup.obs
235  ISRT._OpenFile                                     isrt.obl(Files.obs)
236  ISRT._Preprogram                                   Setup.obs
237  ISRT._Rebooted                                     Setup.obs
238  ISRT._RegCreateKey                                 isrt.obl(Registry.obs)
239  ISRT._RegDeleteValue                               isrt.obl(Registry.obs)
240  ISRT._RegEnableTextSubs                            isrt.obl(Enable.obs)
241  ISRT._RegGetOptions                                isrt.obl(SysVars.obs)
242  ISRT._RegIsRemoteRegConnected                      isrt.obl(Is.obs)
243  ISRT._RegQueryKeyBinaryValue                       isrt.obl(Registry.obs)
244  ISRT._RegQueryKeyValue                             isrt.obl(Registry.obs)
245  ISRT._RegSetKeyBinaryValue                         isrt.obl(Registry.obs)
246  ISRT._RegSetKeyValue                               isrt.obl(Registry.obs)
247  ISRT._RegSetOptions                                isrt.obl(SysVars.obs)
248  ISRT._ReleaseDialog                                isrt.obl(CustomDialog.obs)
249  ISRT._SdShowMsg                                    isrt.obl(ISRTScriptDialogsPriv.obs)
250  ISRT._SetAltMainImage                              isrt.obl(Dialogs.obs)
251  ISRT._SetDisplayEffect                             isrt.obl(ui.obs)
252  ISRT._SetGlobalFlags                               ifx.obl(EventsPriv.obs)
253  ISRT._SetPaletteFile                               isrt.obl(MIO.obs)
254  ISRT._SetSilentSdShowMsg                           isrt.obl(Enable.obs)
255  ISRT._SetTitle                                     isrt.obl(ui.obs)
256  ISRT._SetupInet                                    isrt.obl(MIO.obs)
257  ISRT._SetupTraceWrite                              isrt.obl(Misc.obs)
258  ISRT._StatusUpdate                                 isrt.obl(ui.obs)
259  ISRT._TreeViewCreate                               isrt.obl(CmptView.obs)
260  ISRT._WaitOnDialog                                 isrt.obl(CustomDialog.obs)
261  ISRT._WriteLine                                    isrt.obl(Files.obs)
262  ISRT.__CreateObjectContext                         isrt.obl(ISRTInit.obs)
263  ISRT.__GetCmdLineOptions                           isrt.obl(ISRTInit.obs)
264  ISRT.__GetContextGUID                              isrt.obl(ISRTInit.obs)
265  ISRT.__GetEnabledIServices                         isrt.obl(SysVars.obs)
266  ISRT.__GetFileRegistrar                            isrt.obl(ISRTInit.obs)
267  ISRT.__GetISMSIStringTableObj                      iswi.obl(ISWiInit.obs)
268  ISRT.__GetInfo                                     isrt.obl(ISRTInit.obs)
269  ISRT.__GetInstallGuid                              isrt.obl(SysVars.obs)
270  ISRT.__GetLog                                      isrt.obl(SysVars.obs)
271  ISRT.__GetLogDB                                    isrt.obl(ISRTInit.obs)
272  ISRT.__GetLogEx                                    isrt.obl(SysVars.obs)
273  ISRT.__GetMainWindow                               Setup.obs
274  ISRT.__GetMaintOption                              isrt.obl(SysVars.obs)
275  ISRT.__GetMaintenanceMode                          isrt.obl(SysVars.obs)
276  ISRT.__GetObjects                                  isrt.obl(ISRTInit.obs)
277  ISRT.__GetProductGuid                              isrt.obl(SysVars.obs)
278  ISRT.__GetProgress                                 Setup.obs
279  ISRT.__GetReboot                                   isrt.obl(ISRTInit.obs)
280  ISRT.__GetReinstallMode                            isrt.obl(SysVars.obs)
281  ISRT.__GetRemoveAllMode                            isrt.obl(SysVars.obs)
282  ISRT.__GetTextSub                                  isrt.obl(ISRTInit.obs)
283  ISRT.__GetUpdateMode                               isrt.obl(SysVars.obs)
284  ISRT.__GetUser                                     isrt.obl(MIO.obs)
285  ISRT.__ISRTGetPropertyBag                          ifx.obl(PersistPropertyBag.obs)
286  ISRT.__ISRTReleasePropertyBag                      ifx.obl(PersistPropertyBag.obs)
287  ISRT.__PutEnabledIServices                         isrt.obl(Enable.obs)
288  ISRT.__ReleaseObjectContext                        isrt.obl(ISRTInit.obs)
289  ISRT.__RestoreMainLog                              isrt.obl(ISRTInit.obs)
290  ISRT.__RestoreMainLogEx                            isrt.obl(ISRTInit.obs)
291  ISRT.__SetComponentLog                             isrt.obl(ISRTInit.obs)
292  ISRT.__SetUpdateMode                               isrt.obl(SysVars.obs)
293  ISRTHandleScriptException                          isrt.obl(Misc.obs)
294  ISRTOnUninstPriv                                   isrt.obl(Driver.obs)
295  ISRTPreprogram                                     isrt.obl(Driver.obs)
296  ISWIOnAppSearch                                    iswi.obl(DriverConv.obs)
297  ISWIOnCCPSearch                                    iswi.obl(DriverConv.obs)
298  ISWIOnExitInstall                                  iswi.obl(DriverConv.obs)
299  ISWIOnFirstUIAfter                                 iswi.obl(DriverConv.obs)
300  ISWIOnFirstUIBefore                                iswi.obl(DriverConv.obs)
301  ISWIOnInitInstall                                  iswi.obl(DriverConv.obs)
302  ISWIOnMaintUIAfter                                 iswi.obl(DriverConv.obs)
303  ISWIOnMaintUIBefore                                iswi.obl(DriverConv.obs)
304  ISWIOnMoveData                                     iswi.obl(DriverConv.obs)
305  ISWIOnMoveDataPostInstall                          iswi.obl(DriverConv.obs)
306  ISWIOnMoveDataPreInstall                           iswi.obl(DriverConv.obs)
307  ISWIOnResumeUIAfter                                iswi.obl(DriverConv.obs)
308  ISWIOnResumeUIBefore                               iswi.obl(DriverConv.obs)
309  ISWIPostprogram                                    iswi.obl(DriverConv.obs)
310  ISWIPreprogram                                     iswi.obl(DriverConv.obs)
311  IfxFilterComponents                                ifx.obl(EventsSetupPriv.obs)
312  IfxFinalConstruct                                  ifx.obl(EventsSetupPriv.obs)
313  IfxFinalRelease                                    ifx.obl(EventsSetupPriv.obs)
314  IfxInitProperties                                  ifx.obl(PersistPropertyBag.obs)
315  IfxOnAbortInstall                                  ifx.obl(EventsPriv.obs)
316  IfxOnAppSearch                                     ifx.obl(EventsPriv.obs)
317  IfxOnCCPSearch                                     ifx.obl(EventsPriv.obs)
318  IfxOnCanceling                                     ifx.obl(EventsPriv.obs)
319  IfxOnDisk1Installed                                ifx.obl(EventsSetupPriv.obs)
320  IfxOnDisk1Installing                               ifx.obl(EventsSetupPriv.obs)
321  IfxOnExitInstall                                   ifx.obl(EventsSetupPriv.obs)
322  IfxOnFileError                                     ifx.obl(EventsSetupPriv.obs)
323  IfxOnFileLocked                                    ifx.obl(EventsSetupPriv.obs)
324  IfxOnFileReadOnly                                  ifx.obl(EventsSetupPriv.obs)
325  IfxOnGeneralScriptOp                               ifx.obl(EventsPriv.obs)
326  IfxOnHelp                                          ifx.obl(EventsPriv.obs)
327  IfxOnInitInstall                                   ifx.obl(EventsSetupPriv.obs)
328  IfxOnInternetError                                 ifx.obl(EventsSetupPriv.obs)
329  IfxOnMD5Error                                      ifx.obl(EventsSetupPriv.obs)
330  IfxOnNextDisk                                      ifx.obl(EventsSetupPriv.obs)
331  IfxOnRebooted                                      ifx.obl(EventsPriv.obs)
332  IfxOnRemovingSharedFile                            ifx.obl(EventsSetupPriv.obs)
333  IfxOnShowWizardPages                               ifx.obl(EventsSetupPriv.obs)
334  IfxOnTransferred                                   ifx.obl(EventsPriv.obs)
335  IfxOnTransferring                                  ifx.obl(EventsSetupPriv.obs)
336  IfxOnUnhandledException                            ifx.obl(EventsPriv.obs)
337  IfxOnUninst                                        ifx.obl(EventsSetupPriv.obs)
338  IfxOnUninstPriv                                    ifx.obl(EventsSetupPriv.obs)
339  IfxPostprogram                                     ifx.obl(EventsSetupPriv.obs)
340  IfxPreprogram                                      ifx.obl(EventsSetupPriv.obs)
341  IfxReadProperties                                  ifx.obl(PersistPropertyBag.obs)
342  IfxRunAfterReboot                                  ifx.obl(EventsSetupPriv.obs)
343  IfxWriteProperties                                 ifx.obl(PersistPropertyBag.obs)
344  InetEndofTransfer                                  isrt.obl(iftw.obs)
345  InetNextDisk                                       isrt.obl(iftw.obs)
346  InitProperties                                     ifx.obl(PersistPropertyBag.obs)
347  InstallFilesActionAfter                            iswi.obl(FileTransferFuncsConv.obs)
348  InstallFilesActionBefore                           iswi.obl(FileTransferFuncsConv.obs)
349  Is                                                 isrt.obl(Is.obs)
350  IsComponentFiltered                                iswi.obl(CompHelperFuncs.obs)
351  IsInetInstall                                      isrt.obl(iftw.obs)
352  IsTestSetup                                        iswi.obl(HelperFuncs.obs)
353  KERNEL.GetModuleHandle                             Setup.obs
354  KERNEL32.CloseHandle                               Setup.obs
355  KERNEL32.CreateFileW                               Setup.obs
356  KERNEL32.DeleteFileW                               Setup.obs
357  KERNEL32.FindClose                                 Setup.obs
358  KERNEL32.FindFirstFileW                            Setup.obs
359  KERNEL32.FindNextFileW                             Setup.obs
360  KERNEL32.FormatMessageW                            Setup.obs
361  KERNEL32.FreeLibrary                               Setup.obs
362  KERNEL32.GetCurrentDirectoryW                      Setup.obs
363  KERNEL32.GetDriveType                              Setup.obs
364  KERNEL32.GetFileAttributesW                        Setup.obs
365  KERNEL32.GetLocalTime                              Setup.obs
366  KERNEL32.GetLocaleInfo                             Setup.obs
367  KERNEL32.GetPrivateProfileString                   Setup.obs
368  KERNEL32.GetPrivateProfileStringW                  Setup.obs
369  KERNEL32.GetProcAddress                            Setup.obs
370  KERNEL32.GetProfileStringW                         Setup.obs
371  KERNEL32.GetSystemDefaultLCID                      Setup.obs
372  KERNEL32.GetSystemDefaultLangID                    Setup.obs
373  KERNEL32.GetSystemDefaultUILanguage                Setup.obs
374  KERNEL32.GetTickCount                              Setup.obs
375  KERNEL32.GetUserDefaultLangID                      Setup.obs
376  KERNEL32.GetVersion                                Setup.obs
377  KERNEL32.GetVersionEx                              Setup.obs
378  KERNEL32.GetVolumeInformation                      Setup.obs
379  KERNEL32.GetWindowsDirectory                       Setup.obs
380  KERNEL32.GetWindowsDirectoryW                      Setup.obs
381  KERNEL32.LoadLibraryW                              Setup.obs
382  KERNEL32.SetCurrentDirectoryW                      Setup.obs
383  KERNEL32.SetFileAttributesW                        Setup.obs
384  KERNEL32.Sleep                                     Setup.obs
385  KERNEL32.WritePrivateProfileString                 Setup.obs
386  KERNEL32.WritePrivateProfileStringW                Setup.obs
387  KERNEL32.WriteProfileStringW                       Setup.obs
388  KERNEL32.lstrlenW                                  Setup.obs
389  Kernel32.GetModuleHandleW                          iswi.obl(ComponentConv.obs)
390  LOWORD                                             isrt.obl(Misc.obs)
391  LaunchAppAndWaitInitStartupInfo                    isrt.obl(Extend.obs)
392  LaunchApplicationInit                              isrt.obl(Extend.obs)
393  ListAddItem                                        isrt.obl(scrlist.obs)
394  ListAddString                                      isrt.obl(scrlist.obs)
395  ListConvertStrToNum                                isrt.obl(scrlist.obs)
396  ListCount                                          isrt.obl(scrlist.obs)
397  ListCreate                                         isrt.obl(scrlist.obs)
398  ListCurrentString                                  isrt.obl(scrlist.obs)
399  ListDeleteItem                                     isrt.obl(scrlist.obs)
400  ListDeleteString                                   isrt.obl(scrlist.obs)
401  ListDestroy                                        isrt.obl(scrlist.obs)
402  ListFindItem                                       isrt.obl(scrlist.obs)
403  ListFindString                                     isrt.obl(scrlist.obs)
404  ListGetFirstItem                                   isrt.obl(scrlist.obs)
405  ListGetFirstString                                 isrt.obl(scrlist.obs)
406  ListGetLastString                                  iswi.obl(CompHelperFuncs.obs)
407  ListGetNextItem                                    isrt.obl(scrlist.obs)
408  ListGetNextString                                  isrt.obl(scrlist.obs)
409  ListGetType                                        isrt.obl(scrlist.obs)
410  ListSetIndex                                       isrt.obl(scrlist.obs)
411  ListValid                                          isrt.obl(scrlist.obs)
412  ListValidType                                      isrt.obl(scrlist.obs)
413  LoadStringFromStringTable                          iswi.obl(ISWiInit.obs)
414  LogReadCustomString                                isrt.obl(Misc.obs)
415  LogReadCustomVariant                               isrt.obl(Misc.obs)
416  LogWriteCustomString                               isrt.obl(Misc.obs)
417  LogWriteCustomVariant                              isrt.obl(Misc.obs)
418  LongPathToQuote                                    isrt.obl(Str.obs)
419  MAKELONG                                           isrt.obl(Misc.obs)
420  MIFCreateMIFFile                                   isrt.obl(MIF.obs)
421  MIFDeleteMIFFile                                   isrt.obl(MIF.obs)
422  MIFInitialize                                      isrt.obl(MIF.obs)
423  MIFSetInformation                                  isrt.obl(MIF.obs)
424  MIFUnInitialize                                    isrt.obl(MIF.obs)
425  MIFWasSetInformationCalled                         isrt.obl(MIF.obs)
426  MIOShutdown                                        isrt.obl(MIO.obs)
427  MIOStartup                                         isrt.obl(MIO.obs)
428  MaintenanceStart                                   isrt.obl(Registry.obs)
429  MediaGetData                                       iswi.obl(FeatureConv.obs)
430  MediaGetDataEx                                     iswi.obl(FeatureConv.obs)
431  MessageBeep                                        isrt.obl(Misc.obs)
432  MessageBox                                         isrt.obl(ISRTScriptDialogsPriv.obs)
433  MessageBoxEx                                       isrt.obl(ISRTScriptDialogsPriv.obs)
434  Moved                                              iswi.obl(FileTransferFuncsConv.obs)
435  Moving                                             iswi.obl(FileTransferFuncsConv.obs)
436  MsiCloseHandle                                     iswi.obl(MsiFuncsConv.obs)
437  MsiCreateRecord                                    iswi.obl(MsiFuncsConv.obs)
438  MsiDatabaseOpenView                                iswi.obl(MsiFuncsConv.obs)
439  MsiDoAction                                        iswi.obl(MsiFuncsConv.obs)
440  MsiGetActiveDatabase                               iswi.obl(MsiFuncsConv.obs)
441  MsiGetMode                                         iswi.obl(MsiFuncsConv.obs)
442  MsiGetProperty                                     iswi.obl(MsiFuncsConv.obs)
443  MsiGetPropertyIS                                   iswi.obl(MsiFuncsConv.obs)
444  MsiGetSourcePath                                   iswi.obl(MsiFuncsConv.obs)
445  MsiGetTargetPath                                   iswi.obl(MsiFuncsConv.obs)
446  MsiInstallProduct                                  iswi.obl(MsiFuncsConv.obs)
447  MsiProcessMessage                                  iswi.obl(MsiFuncsConv.obs)
448  MsiQueryFeatureState                               iswi.obl(MsiFuncsConv.obs)
449  MsiRecordGetInteger                                iswi.obl(MsiFuncsConv.obs)
450  MsiRecordGetString                                 iswi.obl(MsiFuncsConv.obs)
451  MsiRecordSetString                                 iswi.obl(MsiFuncsConv.obs)
452  MsiSetProperty                                     iswi.obl(MsiFuncsConv.obs)
453  MsiSetTargetPath                                   iswi.obl(MsiFuncsConv.obs)
454  MsiViewExecute                                     iswi.obl(MsiFuncsConv.obs)
455  MsiViewFetch                                       iswi.obl(MsiFuncsConv.obs)
456  MyFunction                                         Setup.obs
457  OnAbort                                            iswi.obl(DriverConv.obs)
458  OnAction                                           iswi.obl(ISWiInit.obs)
459  OnAdminInstallUIAfter                              iswi.obl(DriverConv.obs)
460  OnAdminInstallUIBefore                             iswi.obl(DriverConv.obs)
461  OnAdminPatchUIAfter                                iswi.obl(DriverConv.obs)
462  OnAdminPatchUIBefore                               iswi.obl(DriverConv.obs)
463  OnAdvertisementAfter                               iswi.obl(DriverConv.obs)
464  OnAdvertisementBefore                              iswi.obl(DriverConv.obs)
465  OnAppSearch                                        iswi.obl(DriverConv.obs)
466  OnBegin                                            iswi.obl(DriverConv.obs)
467  OnCCPSearch                                        iswi.obl(DriverConv.obs)
468  OnCanceling                                        iswi.obl(DriverConv.obs)
469  OnCheckMediaPassword                               ifx.obl(EventsSetup.obs)
470  OnComponentError                                   iswi.obl(DriverConv.obs)
471  OnCustomizeUninstInfo                              ifx.obl(EventsSetup.obs)
472  OnDIFxLogCallback                                  isrt.obl(ISDIFx.obs)
473  OnDIFxLogCallbackImpl                              isrt.obl(ISDIFx.obs)
474  OnEnd                                              iswi.obl(DriverConv.obs)
475  OnError                                            iswi.obl(DriverConv.obs)
476  OnException                                        iswi.obl(DriverConv.obs)
477  OnFeaturesInstalled                                iswi.obl(FileTransferFuncsConv.obs)
478  OnFeaturesInstalling                               iswi.obl(FileTransferFuncsConv.obs)
479  OnFileError                                        iswi.obl(Exceptions.obs)
480  OnFileLocked                                       iswi.obl(Exceptions.obs)
481  OnFileReadOnly                                     iswi.obl(Exceptions.obs)
482  OnFilesInUse                                       iswi.obl(DriverConv.obs)
483  OnFilterComponents                                 iswi.obl(DriverConv.obs)
484  OnFirstUIAfter                                     iswi.obl(DriverConv.obs)
485  OnFirstUIBefore                                    iswi.obl(DriverConv.obs)
486  OnGeneratedMSIScript                               iswi.obl(DriverConv.obs)
487  OnGeneratingMSIScript                              iswi.obl(DriverConv.obs)
488  OnHelp                                             iswi.obl(DriverConv.obs)
489  OnIISAppPoolUninstalling                           ifx.obl(EventsPriv.obs)
490  OnIISCheckRequirements                             ifx.obl(EventsPriv.obs)
491  OnIISComponentInstalled                            ifx.obl(EventsPriv.obs)
492  OnIISInitialize                                    ifx.obl(EventsPriv.obs)
493  OnIISUninitialize                                  ifx.obl(EventsPriv.obs)
494  OnIISVRootUninstalling                             ifx.obl(EventsPriv.obs)
495  OnIISWebServiceExtensionUninstalling               ifx.obl(EventsPriv.obs)
496  OnIISWebSiteUninstalling                           ifx.obl(EventsPriv.obs)
497  OnInstallDRMService                                isrt.obl(Activation.obs)
498  OnInstallFilesActionAfter                          iswi.obl(DriverConv.obs)
499  OnInstallFilesActionBefore                         iswi.obl(DriverConv.obs)
500  OnInstalledFile                                    ifx.obl(EventsSetup.obs)
501  OnInstalledFontFile                                ifx.obl(EventsSetup.obs)
502  OnInstallingFile                                   ifx.obl(EventsSetup.obs)
503  OnInternetError                                    iswi.obl(Exceptions.obs)
504  OnLaunchAppAndWaitCallback                         iswi.obl(DriverConv.obs)
505  OnLogonUserSetMsiProperties                        iswi.obl(DriverConv.obs)
506  OnMD5Error                                         iswi.obl(Exceptions.obs)
507  OnMaintUIAfter                                     iswi.obl(DriverConv.obs)
508  OnMaintUIBefore                                    iswi.obl(DriverConv.obs)
509  OnMaintenance                                      iswi.obl(DriverConv.obs)
510  OnMoveData                                         ifx.obl(EventsSetup.obs)
511  OnMoved                                            iswi.obl(DriverConv.obs)
512  OnMoving                                           iswi.obl(DriverConv.obs)
513  OnMsiSilentInstall                                 iswi.obl(DriverConv.obs)
514  OnNetApiCreateUserAccount                          ifx.obl(EventsSetup.obs)
515  OnNetApiCreateUserAccountInternal                  isrt.obl(NetApiRT.obs)
516  OnNextDisk                                         iswi.obl(Exceptions.obs)
517  OnOutOfDiskSpace                                   iswi.obl(DriverConv.obs)
518  OnPatchUIAfter                                     iswi.obl(DriverConv.obs)
519  OnPatchUIBefore                                    iswi.obl(DriverConv.obs)
520  OnRMFilesInUse                                     iswi.obl(DriverConv.obs)
521  OnRebooted                                         iswi.obl(DriverConv.obs)
522  OnRemovingSharedFile                               iswi.obl(Exceptions.obs)
523  OnResume                                           iswi.obl(DriverConv.obs)
524  OnResumeUIAfter                                    iswi.obl(DriverConv.obs)
525  OnResumeUIBefore                                   iswi.obl(DriverConv.obs)
526  OnSQLBatchScripts                                  ifx.obl(EventsPriv.obs)
527  OnSQLComponentInstalled                            ifx.obl(EventsPriv.obs)
528  OnSQLComponentUninstalled                          ifx.obl(EventsPriv.obs)
529  OnSQLLogin                                         iswi.obl(DriverConv.obs)
530  OnSQLServerInitialize                              ifx.obl(EventsPriv.obs)
531  OnSQLServerInitializeMaint                         ifx.obl(EventsPriv.obs)
532  OnSelfRegistrationError                            iswi.obl(Exceptions.obs)
533  OnSetTARGETDIR                                     ifx.obl(EventsSetup.obs)
534  OnSetUpdateMode                                    ifx.obl(EventsSetup.obs)
535  OnShowUI                                           ifx.obl(EventsSetup.obs)
536  OnUnInstallDRMService                              isrt.obl(Activation.obs)
537  OnUnhandledException                               iswi.obl(DriverConv.obs)
538  OnUninstall                                        iswi.obl(DriverConv.obs)
539  OnUninstalledFile                                  ifx.obl(EventsSetup.obs)
540  OnUninstallingDIFxDriverFile                       ifx.obl(EventsSetup.obs)
541  OnUninstallingFile                                 ifx.obl(EventsSetup.obs)
542  OnUninstallingFontFile                             ifx.obl(EventsSetup.obs)
543  OnUpdateService                                    iswi.obl(DriverConv.obs)
544  OnUpdateUIAfter                                    ifx.obl(EventsSetup.obs)
545  OnUpdateUIBefore                                   ifx.obl(EventsSetup.obs)
546  OnWarning                                          iswi.obl(DriverConv.obs)
547  OnXMLComponentInstalled                            ifx.obl(EventsPriv.obs)
548  OnXMLComponentUninstalling                         ifx.obl(EventsPriv.obs)
549  OnXMLInitialize                                    ifx.obl(EventsPriv.obs)
550  OnXMLUninitialize                                  ifx.obl(EventsPriv.obs)
551  OpenFile                                           isrt.obl(Files.obs)
552  OpenFileMode                                       isrt.obl(Files.obs)
553  ParsePath                                          isrt.obl(Str.obs)
554  PopulateColumnHeaders                              isrt.obl(ISRTScriptDialogs.obs)
555  PopulateListView                                   isrt.obl(ISRTScriptDialogs.obs)
556  PostShowComponentDlg                               iswi.obl(ISWiInit.obs)
557  Postprogram                                        iswi.obl(DriverConv.obs)
558  PreShowComponentDlg                                iswi.obl(ISWiInit.obs)
559  Preprogram                                         iswi.obl(DriverConv.obs)
560  ProgramEeuiPostInstall                             iswi.obl(DriverConv.obs)
561  ProgramEeuiPreInstall                              iswi.obl(DriverConv.obs)
562  PthFixPath                                         isrt.obl(Pth.obs)
563  PthIsAbsPath                                       isrt.obl(Pth.obs)
564  ReadProperties                                     ifx.obl(PersistPropertyBag.obs)
565  RebootNeeded                                       iswi.obl(FileTransferFuncsConv.obs)
566  Rebooted                                           isrt.obl(Driver.obs)
567  RedirectMsiCloseHandle                             iswi.obl(RedirectedMsiFuncsConv.obs)
568  RedirectMsiCreateRecord                            iswi.obl(RedirectedMsiFuncsConv.obs)
569  RedirectMsiGetActiveDatabase                       iswi.obl(RedirectedMsiFuncsConv.obs)
570  RedirectMsiGetMode                                 iswi.obl(RedirectedMsiFuncsConv.obs)
571  RedirectMsiProcessMessage                          iswi.obl(RedirectedMsiFuncsConv.obs)
572  RedirectMsiRecordGetInteger                        iswi.obl(RedirectedMsiFuncsConv.obs)
573  RedirectMsiViewExecute                             iswi.obl(RedirectedMsiFuncsConv.obs)
574  RedirectMsiViewFetch                               iswi.obl(RedirectedMsiFuncsConv.obs)
575  RegDBDeleteItem                                    isrt.obl(Registry.obs)
576  RegDBDeleteValue                                   isrt.obl(Registry.obs)
577  RegDBDeleteValueEx                                 isrt.obl(Registry.obs)
578  RegDBDeleteValueEx32                               isrt.obl(Registry.obs)
579  RegDBGetItem                                       isrt.obl(Registry.obs)
580  RegDBGetKeyValueEx                                 isrt.obl(Registry.obs)
581  RegDBQueryValue                                    isrt.obl(Registry.obs)
582  RegDBQueryValue32                                  isrt.obl(Registry.obs)
583  RegDBSetItem                                       isrt.obl(Registry.obs)
584  RegDBSetKeyValueEx                                 isrt.obl(Registry.obs)
585  RegDBSetValue                                      isrt.obl(Registry.obs)
586  RegDBSetValue32                                    isrt.obl(Registry.obs)
587  RegDBSetVersion                                    isrt.obl(Registry.obs)
588  RegisterFontResource                               isrt.obl(Misc.obs)
589  ReleaseDialog                                      isrt.obl(CustomDialog.obs)
590  RemoveSpaces                                       iswi.obl(HelperFuncs.obs)
591  ResolveShellObjectsFolder                          iswi.obl(CompHelperFuncs.obs)
592  SdAskDestPath                                      isrt.obl(ISRTScriptDialogs.obs)
593  SdCloseDlg                                         isrt.obl(SDINT.obs)
594  SdComponentDlgCheckSpace                           isrt.obl(SDINT.obs)
595  SdDiskSpace2                                       isrt.obl(ISRTScriptDialogs.obs)
596  SdDlgToTop                                         isrt.obl(SDINT.obs)
597  SdDoStdButton                                      isrt.obl(SDINT.obs)
598  SdEnablement                                       isrt.obl(SDINT.obs)
599  SdError                                            isrt.obl(SDINT.obs)
600  SdExceptionsInit                                   isrt.obl(ISRTScriptDialogsPriv.obs)
601  SdFeatureTree                                      isrt.obl(ISRTScriptDialogs.obs)
602  SdFilesInUse                                       isrt.obl(ISRTScriptDialogs.obs)
603  SdFinish                                           isrt.obl(ISRTScriptDialogs.obs)
604  SdFinishReboot                                     isrt.obl(ISRTScriptDialogs.obs)
605  SdGeneralInit                                      isrt.obl(SDINT.obs)
606  SdInit                                             isrt.obl(SDINT.obs)
607  SdIsStdButton                                      isrt.obl(SDINT.obs)
608  SdLoadString                                       isrt.obl(SDINT.obs)
609  SdMakeName                                         isrt.obl(SDINT.obs)
610  SdPatchWelcome                                     isrt.obl(ISRTScriptDialogs.obs)
611  SdPlugInProductName                                isrt.obl(SDINT.obs)
612  SdRMFilesInUse                                     isrt.obl(ISRTScriptDialogs.obs)
613  SdRegisterUser                                     isrt.obl(ISRTScriptDialogs.obs)
614  SdSetDlgTitle                                      isrt.obl(SDINT.obs)
615  SdSetStatic                                        isrt.obl(SDINT.obs)
616  SdSetupCompleteError                               isrt.obl(ISRTScriptDialogs.obs)
617  SdShowMsg                                          isrt.obl(ISRTScriptDialogsPriv.obs)
618  SdStartCopy2                                       isrt.obl(ISRTScriptDialogs.obs)
619  SdSubstituteProductInfo                            isrt.obl(SDINT.obs)
620  SdUnInit                                           isrt.obl(SDINT.obs)
621  SdWelcome                                          isrt.obl(ISRTScriptDialogs.obs)
622  SdWelcomeMaint                                     isrt.obl(ISRTScriptDialogs.obs)
623  SelectDir                                          isrt.obl(ISRTScriptDialogsPriv.obs)
624  SelectDirNoLog                                     isrt.obl(ISRTScriptDialogsPriv.obs)
625  SendMessage                                        isrt.obl(Misc.obs)
626  ServiceInitParams                                  isrt.obl(Service.obs)
627  SetCmdLine                                         isrt.obl(SysVars.obs)
628  SetDisplayEffect                                   isrt.obl(ui.obs)
629  SetExtendedErrInfo                                 isrt.obl(IsUtil.obs)
630  SetGlobalVars                                      iswi.obl(ISWiInit.obs)
631  SetInstallationInfo                                isrt.obl(Registry.obs)
632  SetMifInformationOnly                              isrt.obl(Registry.obs)
633  SetStatus                                          ifx.obl(EventsSetupPriv.obs)
634  SetStatusEx                                        ifx.obl(EventsSetupPriv.obs)
635  SetStatusExStaticText                              isrt.obl(ui.obs)
636  SetStatusWindow                                    isrt.obl(ui.obs)
637  SetTitle                                           isrt.obl(ui.obs)
638  SetupTraceWrite                                    isrt.obl(Misc.obs)
639  SetupType2                                         isrt.obl(ISRTScriptDialogs.obs)
640  ShowObjWizardPages                                 iswi.obl(ObjectsConv.obs)
641  SilentCreateFile                                   isrt.obl(Silent.obs)
642  SilentDoGeneralInfo                                isrt.obl(Silent.obs)
643  SilentFailed                                       isrt.obl(Silent.obs)
644  SilentFinish                                       isrt.obl(Silent.obs)
645  SilentInit                                         isrt.obl(Silent.obs)
646  SilentLogWriteData                                 isrt.obl(Silent.obs)
647  SilentReadData                                     isrt.obl(Silent.obs)
648  SilentSetInfo                                      isrt.obl(Silent.obs)
649  SilentSetMode                                      isrt.obl(Silent.obs)
650  SilentWriteData                                    isrt.obl(Silent.obs)
651  Sprintf                                            isrt.obl(Str.obs)
652  SprintfBox                                         isrt.obl(ISRTScriptDialogsPriv.obs)
653  SprintfMsiLog                                      iswi.obl(HelperFuncs.obs)
654  StatusUpdate                                       isrt.obl(ui.obs)
655  StrAddLastSlash                                    isrt.obl(Str.obs)
656  StrConvertSizeUnit                                 isrt.obl(Str.obs)
657  StrDelete                                          iswi.obl(HelperFuncs.obs)
658  StrFindEx                                          isrt.obl(Str.obs)
659  StrGetTokens                                       isrt.obl(Str.obs)
660  StrLength                                          isrt.obl(Str.obs)
661  StrParseMSIMessage                                 isrt.obl(Str.obs)
662  StrRemoveLastSlash                                 isrt.obl(Str.obs)
663  StrReplace                                         isrt.obl(Str.obs)
664  StrToNumHex                                        isrt.obl(Str.obs)
665  StrToUpper                                         isrt.obl(Str.obs)
666  StrTrim                                            isrt.obl(Str.obs)
667  SysVarsInit                                        isrt.obl(SysVars.obs)
668  SysVarsInitConv                                    iswi.obl(SysVarsConv.obs)
669  SysVarsTrace                                       isrt.obl(SysVars.obs)
670  SysVarsUnInit                                      iswi.obl(SysVarsConv.obs)
671  System                                             isrt.obl(Misc.obs)
672  SystemRestoreCancelRestorePointIS                  isrt.obl(PCRestore.obs)
673  SystemRestoreCloseRestorePointIS                   isrt.obl(PCRestore.obs)
674  SystemRestoreDisableIS                             isrt.obl(PCRestore.obs)
675  SystemRestoreIsEnabledIS                           isrt.obl(PCRestore.obs)
676  SystemRestoreOpenRestorePointIS                    isrt.obl(PCRestore.obs)
677  TextSubGetValue                                    isrt.obl(TextSub.obs)
678  TextSubParseTextSub                                isrt.obl(TextSub.obs)
679  TextSubSetValue                                    isrt.obl(TextSub.obs)
680  TextSubSubstitute                                  isrt.obl(TextSub.obs)
681  TreeViewCreate                                     isrt.obl(CmptView.obs)
682  USER.EnableWindow                                  Setup.obs
683  USER.GetClassName                                  Setup.obs
684  USER.GetDC                                         Setup.obs
685  USER.GetDlgItem                                    Setup.obs
686  USER.GetFocus                                      Setup.obs
687  USER.GetWindowLong                                 Setup.obs
688  USER.GetWindowRect                                 Setup.obs
689  USER.IsIconic                                      Setup.obs
690  USER.IsWindow                                      Setup.obs
691  USER.PostMessage                                   Setup.obs
692  USER.ReleaseDC                                     Setup.obs
693  USER.SendMessageW                                  Setup.obs
694  USER.SetFocus                                      Setup.obs
695  USER.SetWindowPos                                  Setup.obs
696  USER.SetWindowText                                 Setup.obs
697  USER.ShowWindow                                    Setup.obs
698  USER32.CharUpperBuffW                              Setup.obs
699  USER32.DestroyWindow                               Setup.obs
700  USER32.DispatchMessage                             Setup.obs
701  USER32.GetDesktopWindow                            Setup.obs
702  USER32.GetSystemMetrics                            Setup.obs
703  USER32.GetWindowText                               Setup.obs
704  USER32.GetWindowTextLength                         Setup.obs
705  USER32.InvalidateRect                              Setup.obs
706  USER32.IsWindowVisible                             Setup.obs
707  USER32.MessageBoxW                                 Setup.obs
708  USER32.PeekMessageW                                Setup.obs
709  USER32.SendMessageW                                Setup.obs
710  USER32.SetForegroundWindow                         Setup.obs
711  USER32.SetWindowLong                               Setup.obs
712  USER32.SetWindowRgn                                Setup.obs
713  USER32.TranslateMessage                            Setup.obs
714  UpdateDirectoryPathForIsMsiEeui                    iswi.obl(HelperFuncs.obs)
715  UpdateServiceEnableUpdateService                   isrt.obl(ISUpdateService.obs)
716  User32.LoadStringW                                 iswi.obl(ComponentConv.obs)
717  VarInit                                            isrt.obl(SysVars.obs)
718  VarRestore                                         iswi.obl(SysVarsConv.obs)
719  VarRestoreISRT                                     isrt.obl(SysVars.obs)
720  VarSave                                            iswi.obl(SysVarsConv.obs)
721  VarSaveISRT                                        isrt.obl(SysVars.obs)
722  VerCompare                                         isrt.obl(version.obs)
723  VerProductCompareVersions                          isrt.obl(version.obs)
724  VerProductGetInstalledVersion                      isrt.obl(version.obs)
725  VerProductIsVersionSupported                       isrt.obl(version.obs)
726  VerProductNumToStr                                 isrt.obl(version.obs)
727  VerProductStrToNum                                 isrt.obl(version.obs)
728  VerProductVerFromVerParts                          isrt.obl(version.obs)
729  VerProductVerPartsFromVer                          isrt.obl(version.obs)
730  WaitOnDialog                                       isrt.obl(CustomDialog.obs)
731  WizardDirection                                    ifx.obl(EventsSetupPriv.obs)
732  WriteLine                                          isrt.obl(Files.obs)
733  WriteProfInt                                       isrt.obl(Profile.obs)
734  WriteProfString                                    isrt.obl(Profile.obs)
735  WriteProperties                                    ifx.obl(PersistPropertyBag.obs)
736  __AddStringToArray                                 iswi.obl(HelperFuncs.obs)
737  __Begin                                            iswi.obl(DriverConv.obs)
738  __ComponentListItemsEx                             iswi.obl(CompHelperFuncs.obs)
739  __ComponentListItemsExInstall                      iswi.obl(CompHelperFuncs.obs)
740  __ComponentListItemsExUnInstall                    iswi.obl(CompHelperFuncs.obs)
741  __ComponentMoveXferData                            iswi.obl(CompHelperFuncs.obs)
742  __End                                              iswi.obl(DriverConv.obs)
743  __GetFinishMode                                    iswi.obl(ISWiInit.obs)
744  __GetMsiHandle                                     iswi.obl(SysVarsConv.obs)
745  __GetSourceDir                                     iswi.obl(SysVarsConv.obs)
746  __HandleError                                      iswi.obl(ErrHandler.obs)
747  __ISRTDoExit                                       isrt.obl(Misc.obs)
748  __ISRTInit                                         isrt.obl(ISRTInit.obs)
749  __ISRTRestoreMainLog                               isrt.obl(ISRTInit.obs)
750  __ISRTRestoreMainLogEx                             isrt.obl(ISRTInit.obs)
751  __ISRTSetComponentLog                              isrt.obl(ISRTInit.obs)
752  __ISRTUnInit                                       isrt.obl(ISRTInit.obs)
753  __ISWIInit                                         iswi.obl(ISWiInit.obs)
754  __ISWIMsiHandle                                    iswi.obl(ISWiInit.obs)
755  __ISWIUnInit                                       iswi.obl(ISWiInit.obs)
756  __IsArrayEmpty                                     iswi.obl(HelperFuncs.obs)
757  __LoadIScriptString                                isrt.obl(LoadStr.obs)
758  __Moved                                            iswi.obl(FileTransferFuncsConv.obs)
759  __Moving                                           iswi.obl(FileTransferFuncsConv.obs)
760  __MsiOpenView                                      iswi.obl(CompHelperFuncs.obs)
761  __MsiQueryFeatureState                             iswi.obl(MsiWrappersConv.obs)
762  __MsiRecordGetString                               iswi.obl(MsiWrappersConv.obs)
763  __OnAbort                                          iswi.obl(DriverConv.obs)
764  __OnAdminPatch                                     iswi.obl(DriverConv.obs)
765  __OnAdministrativeInstall                          iswi.obl(DriverConv.obs)
766  __OnAdvertisement                                  iswi.obl(DriverConv.obs)
767  __OnBegin                                          iswi.obl(DriverConv.obs)
768  __OnCanceling                                      iswi.obl(DriverConv.obs)
769  __OnEnd                                            iswi.obl(DriverConv.obs)
770  __OnError                                          iswi.obl(DriverConv.obs)
771  __OnMsiMaintenance                                 iswi.obl(DriverConv.obs)
772  __OnMsiRebooted                                    iswi.obl(DriverConv.obs)
773  __OnMsiSilentInstall                               iswi.obl(DriverConv.obs)
774  __OnMsiUninstall                                   iswi.obl(DriverConv.obs)
775  __OnPatch                                          iswi.obl(DriverConv.obs)
776  __OnResume                                         iswi.obl(DriverConv.obs)
777  __OnWarning                                        iswi.obl(DriverConv.obs)
778  __ResetMsiObject                                   iswi.obl(ISWiInit.obs)
779  __SetMaintenance                                   iswi.obl(ISWiInit.obs)
780  __SetMsiHandle                                     iswi.obl(SysVarsConv.obs)
781  __SetMsiServer                                     iswi.obl(ISWiInit.obs)
782  __SetPatch                                         iswi.obl(SysVarsConv.obs)
783  __SetSourceDir                                     iswi.obl(SysVarsConv.obs)
784  isrt._ComponentGetData                             iswi.obl(ComponentConv.obs)
785  isrt._ComponentIsItemSelected                      iswi.obl(ComponentConv.obs)
786  isrt._ComponentListItems                           iswi.obl(ComponentConv.obs)
787  isrt._ComponentReinstall                           iswi.obl(ComponentConv.obs)
788  isrt._ComponentRemoveAll                           iswi.obl(ComponentConv.obs)
789  isrt._ComponentSelectItem                          iswi.obl(ComponentConv.obs)
790  isrt._ComponentSetupTypeSet                        iswi.obl(ComponentConv.obs)
791  isrt._EnableDialogCache                            iswi.obl(ISWiInit.obs)
792  msi.MsiCloseHandle                                 iswi.obl(RedirectedMsiFuncsConv.obs)
793  msi.MsiCreateRecord                                iswi.obl(RedirectedMsiFuncsConv.obs)
794  msi.MsiDatabaseOpenViewW                           Setup.obs
795  msi.MsiDoActionW                                   Setup.obs
796  msi.MsiGetActiveDatabase                           iswi.obl(RedirectedMsiFuncsConv.obs)
797  msi.MsiGetMode                                     iswi.obl(RedirectedMsiFuncsConv.obs)
798  msi.MsiGetProductInfoW                             Setup.obs
799  msi.MsiGetPropertyW                                Setup.obs
800  msi.MsiGetSourcePathW                              Setup.obs
801  msi.MsiGetTargetPathW                              Setup.obs
802  msi.MsiProcessMessage                              iswi.obl(RedirectedMsiFuncsConv.obs)
803  msi.MsiQueryFeatureStateW                          Setup.obs
804  msi.MsiRecordGetInteger                            iswi.obl(RedirectedMsiFuncsConv.obs)
805  msi.MsiRecordGetStringW                            Setup.obs
806  msi.MsiRecordSetStringW                            Setup.obs
807  msi.MsiSetPropertyW                                Setup.obs
808  msi.MsiSetTargetPathW                              Setup.obs
809  msi.MsiViewExecute                                 iswi.obl(RedirectedMsiFuncsConv.obs)
810  msi.MsiViewFetch                                   iswi.obl(RedirectedMsiFuncsConv.obs)
811  program                                            iswi.obl(DriverConv.obs)
812  sfc.SRSetRestorePointW                             Setup.obs


***** External Variables *****
1    ADDREMOVE                                          iswi.obl(SysVarsConv.obs)
2    ADDREMOVE_COMBINEDBUTTON                           Setup.obs
3    ADDREMOVE_HIDECHANGEOPTION                         Setup.obs
4    ADDREMOVE_HIDEREMOVEOPTION                         Setup.obs
5    ADDREMOVE_HIDEREPAIROPTION                         Setup.obs
6    ADDREMOVE_STRING_REMOVEONLY                        Setup.obs
7    ADDREMOVE_SYSTEMCOMPONENT                          Setup.obs
8    ADMINUSER                                          Setup.obs
9    ALLUSERS                                           Setup.obs
10   AdminToolsFolder                                   iswi.obl(DebugSymbolsConv.obs)
11   AppDataFolder                                      iswi.obl(DebugSymbolsConv.obs)
12   BASICMSI                                           iswi.obl(SysVarsConv.obs)
13   BATCH_INSTALL                                      Setup.obs
14   CMDLINE                                            iswi.obl(SysVarsConv.obs)
15   COMMONFILES                                        iswi.obl(SysVarsConv.obs)
16   COMMONFILES64                                      iswi.obl(SysVarsConv.obs)
17   CommonAppDataFolder                                iswi.obl(DebugSymbolsConv.obs)
18   CommonFiles64Folder                                iswi.obl(DebugSymbolsConv.obs)
19   CommonFilesFolder                                  iswi.obl(DebugSymbolsConv.obs)
20   DISABLE_ALLUSERBTN                                 Setup.obs
21   DISABLE_PERUSERBTN                                 Setup.obs
22   DISK1SETUPEXENAME                                  iswi.obl(SysVarsConv.obs)
23   DISK1TARGET                                        Setup.obs
24   DesktopFolder                                      iswi.obl(DebugSymbolsConv.obs)
25   ENABLED_ISERVICES                                  iswi.obl(SysVarsConv.obs)
26   ENGINECOMMONDIR                                    iswi.obl(SysVarsConv.obs)
27   ENGINEDIR                                          iswi.obl(SysVarsConv.obs)
28   ERRORFILENAME                                      Setup.obs
29   ERRORINFO                                          iswi.obl(ComponentConv.obs)
30   Err                                                Setup.obs
31   FEATURE                                            iswi.obl(ComponentConv.obs)
32   FILEERROR                                          iswi.obl(ComponentConv.obs)
33   FILETIME                                           Setup.obs
34   FIND_DATAW                                         Setup.obs
35   FOLDER_APPDATA                                     iswi.obl(SysVarsConv.obs)
36   FOLDER_COMMON_APPDATA                              iswi.obl(SysVarsConv.obs)
37   FOLDER_DESKTOP                                     iswi.obl(SysVarsConv.obs)
38   FOLDER_DOTNET_10                                   iswi.obl(SysVarsConv.obs)
39   FOLDER_DOTNET_11                                   iswi.obl(SysVarsConv.obs)
40   FOLDER_DOTNET_20                                   iswi.obl(SysVarsConv.obs)
41   FOLDER_DOTNET_30                                   iswi.obl(SysVarsConv.obs)
42   FOLDER_DOTNET_35                                   iswi.obl(SysVarsConv.obs)
43   FOLDER_DOTNET_40                                   iswi.obl(SysVarsConv.obs)
44   FOLDER_FONTS                                       iswi.obl(SysVarsConv.obs)
45   FOLDER_LOCAL_APPDATA                               iswi.obl(SysVarsConv.obs)
46   FOLDER_PERSONAL                                    iswi.obl(SysVarsConv.obs)
47   FOLDER_PROGRAMS                                    iswi.obl(SysVarsConv.obs)
48   FOLDER_STARTMENU                                   iswi.obl(SysVarsConv.obs)
49   FOLDER_STARTUP                                     iswi.obl(SysVarsConv.obs)
50   FOLDER_TEMP                                        iswi.obl(SysVarsConv.obs)
51   FavoritesFolder                                    iswi.obl(DebugSymbolsConv.obs)
52   FileRegistrar                                      Setup.obs
53   FontsFolder                                        iswi.obl(DebugSymbolsConv.obs)
54   HIDE_DISABLED_BTNS                                 Setup.obs
55   HKEYCURRENTROOTKEY                                 Setup.obs
56   IFX_COMPANY_NAME                                   Setup.obs
57   IFX_DISK1INSTALLED                                 Setup.obs
58   IFX_INITIALIZED                                    Setup.obs
59   IFX_INSTALLED_DISPLAY_VERSION                      Setup.obs
60   IFX_INSTALLED_VERSION                              Setup.obs
61   IFX_KEYPATH_PRODUCT_INFO                           Setup.obs
62   IFX_MULTI_INSTANCE_SUFFIX                          Setup.obs
63   IFX_NETAPI_GROUP                                   Setup.obs
64   IFX_NETAPI_PASSWORD                                Setup.obs
65   IFX_NETAPI_USER_ACCOUNT                            Setup.obs
66   IFX_OPEN_RESTORE_POINT                             isrt.obl(PCRestore.obs)
67   IFX_PRODUCT_COMMENTS                               Setup.obs
68   IFX_PRODUCT_DISPLAY_NAME                           Setup.obs
69   IFX_PRODUCT_DISPLAY_VERSION                        Setup.obs
70   IFX_PRODUCT_ICON                                   Setup.obs
71   IFX_PRODUCT_KEY                                    Setup.obs
72   IFX_PRODUCT_NAME                                   Setup.obs
73   IFX_PRODUCT_README                                 Setup.obs
74   IFX_PRODUCT_REGISTEREDCOMPANY                      Setup.obs
75   IFX_PRODUCT_REGISTEREDOWNER                        Setup.obs
76   IFX_PRODUCT_REGISTEREDSERIALNUM                    Setup.obs
77   IFX_PRODUCT_SUPPORT_CONTACT                        Setup.obs
78   IFX_PRODUCT_SUPPORT_PHONE                          Setup.obs
79   IFX_PRODUCT_SUPPORT_URL                            Setup.obs
80   IFX_PRODUCT_UPDATE_URL                             Setup.obs
81   IFX_PRODUCT_URL                                    Setup.obs
82   IFX_PRODUCT_VERSION                                Setup.obs
83   IFX_RESTORE_DISABLED                               isrt.obl(PCRestore.obs)
84   IFX_SETUP_TITLE                                    Setup.obs
85   IFX_SUPPORTED_VERSIONS                             Setup.obs
86   IISROOTFOLDER                                      iswi.obl(SysVarsConv.obs)
87   INSTALLDIR                                         Setup.obs
88   INSTALLSCRIPTMSI                                   iswi.obl(SysVarsConv.obs)
89   INSTALLSCRIPTMSIEEUI                               iswi.obl(SysVarsConv.obs)
90   INSTANCE_GUID                                      iswi.obl(SysVarsConv.obs)
91   ISDIFXAPPID                                        Setup.obs
92   ISMSI_HANDLE                                       iswi.obl(DebugSymbolsConv.obs)
93   ISRES                                              iswi.obl(SysVarsConv.obs)
94   ISUSER                                             iswi.obl(SysVarsConv.obs)
95   ISUTIL_FUNCTION_ACTUAL_ERROR                       Setup.obs
96   ISUTIL_FUNCTION_ERROR                              iswi.obl(CompHelperFuncs.obs)
97   ISUTIL_LINE_NUMBER                                 Setup.obs
98   ISUTIL_POSITIVE_ERROR                              iswi.obl(CompHelperFuncs.obs)
99   ISUTIL_SCRIPT_FILE                                 Setup.obs
100  ISVERSION                                          iswi.obl(SysVarsConv.obs)
101  IS_NULLSTR_PTR                                     Setup.obs
102  InetSRCDIR                                         Setup.obs
103  LAAW_PARAMETERS                                    Setup.obs
104  LAAW_SHELLEXECUTEINFO                              Setup.obs
105  LAAW_SHELLEXECUTEVERB                              Setup.obs
106  LAAW_STARTUPINFO                                   Setup.obs
107  LAST_RESULT                                        Setup.obs
108  LVITEMW                                            Setup.obs
109  LV_COLUMNW                                         Setup.obs
110  LocalAppDataFolder                                 iswi.obl(DebugSymbolsConv.obs)
111  LogDB                                              Setup.obs
112  MAINTENANCE                                        iswi.obl(SysVarsConv.obs)
113  MAINT_OPTION                                       iswi.obl(SysVarsConv.obs)
114  MEDIA                                              Setup.obs
115  MEDIA_INFO                                         iswi.obl(FeatureConv.obs)
116  MODE                                               Setup.obs
117  MSG                                                Setup.obs
118  MULTI_INSTANCE_COUNT                               iswi.obl(SysVarsConv.obs)
119  MainWindow                                         Setup.obs
120  MyPicturesFolder                                   iswi.obl(DebugSymbolsConv.obs)
121  NOTHING                                            Setup.obs
122  NetHoodFolder                                      iswi.obl(DebugSymbolsConv.obs)
123  OSINFO_PLATFORM_INFO                               Setup.obs
124  OSINFO_PROCESSOR_INFO                              Setup.obs
125  OSVERSIONINFOEXW                                   Setup.obs
126  OSVERSIONINFOW                                     Setup.obs
127  Objects                                            Setup.obs
128  OriginalDatabase                                   iswi.obl(DebugSymbolsConv.obs)
129  PACKAGE_LOCATION                                   iswi.obl(SysVarsConv.obs)
130  PATCH                                              iswi.obl(DebugSymbolsConv.obs)
131  POINT                                              Setup.obs
132  PRIVILEGED                                         Setup.obs
133  PRODUCT_GUID                                       iswi.obl(SysVarsConv.obs)
134  PROGRAMFILES                                       iswi.obl(SysVarsConv.obs)
135  PROGRAMFILES64                                     iswi.obl(SysVarsConv.obs)
136  PersonalFolder                                     iswi.obl(DebugSymbolsConv.obs)
137  PrintHoodFolder                                    iswi.obl(DebugSymbolsConv.obs)
138  ProgramFiles64Folder                               iswi.obl(DebugSymbolsConv.obs)
139  ProgramFilesFolder                                 iswi.obl(DebugSymbolsConv.obs)
140  ProgramMenuFolder                                  iswi.obl(DebugSymbolsConv.obs)
141  RECT                                               Setup.obs
142  REGDB_OPTIONS                                      Setup.obs
143  REINSTALLMODE                                      iswi.obl(SysVarsConv.obs)
144  REMOVEALLMODE                                      iswi.obl(SysVarsConv.obs)
145  REMOVEONLY                                         iswi.obl(SysVarsConv.obs)
146  RUN_ONCE_PROGRAM                                   iswi.obl(SysVarsConv.obs)
147  Reboot                                             Setup.obs
148  RecentFolder                                       iswi.obl(DebugSymbolsConv.obs)
149  SELECTED_LANGUAGE                                  iswi.obl(SysVarsConv.obs)
150  SERVICE_IS_PARAMS                                  Setup.obs
151  SETUPTYPE_STR_COMPACT                              Setup.obs
152  SETUPTYPE_STR_COMPLETE                             Setup.obs
153  SETUPTYPE_STR_CUSTOM                               Setup.obs
154  SETUPTYPE_STR_TYPICAL                              Setup.obs
155  SHAREDSUPPORTDIR                                   iswi.obl(SysVarsConv.obs)
156  SHELLEXECUTEINFOW                                  Setup.obs
157  SHELL_OBJECT_FOLDER                                Setup.obs
158  SHOW_PASSWORD_DIALOG                               iswi.obl(SysVarsConv.obs)
159  SRCDIR                                             Setup.obs
160  SRCDISK                                            iswi.obl(SysVarsConv.obs)
161  STANDARD_SELECTED_LANGUAGE                         iswi.obl(SysVarsConv.obs)
162  STARTUPINFOW                                       Setup.obs
163  SUPPORTDIR                                         iswi.obl(SysVarsConv.obs)
164  SYSINFO                                            Setup.obs
165  SYSPROCESSORINFO                                   Setup.obs
166  SYSTEMTIME                                         Setup.obs
167  SendToFolder                                       iswi.obl(DebugSymbolsConv.obs)
168  SetupInfo                                          Setup.obs
169  SourceDir                                          iswi.obl(DebugSymbolsConv.obs)
170  StartMenuFolder                                    iswi.obl(DebugSymbolsConv.obs)
171  StartupFolder                                      iswi.obl(DebugSymbolsConv.obs)
172  StatusDlg                                          Setup.obs
173  System16Folder                                     iswi.obl(DebugSymbolsConv.obs)
174  System64Folder                                     iswi.obl(DebugSymbolsConv.obs)
175  SystemFolder                                       iswi.obl(DebugSymbolsConv.obs)
176  TARGETDIR                                          Setup.obs
177  TARGETDISK                                         iswi.obl(SysVarsConv.obs)
178  TempFolder                                         iswi.obl(DebugSymbolsConv.obs)
179  TemplateFolder                                     iswi.obl(DebugSymbolsConv.obs)
180  TextSub                                            Setup.obs
181  UNINST                                             Setup.obs
182  UNINSTALLKEY                                       Setup.obs
183  UNINSTALL_DISPLAYNAME                              Setup.obs
184  UNINSTALL_STRING                                   Setup.obs
185  UPDATEMODE                                         Setup.obs
186  WINDIR                                             iswi.obl(SysVarsConv.obs)
187  WINDISK                                            iswi.obl(SysVarsConv.obs)
188  WINSYSDIR                                          iswi.obl(SysVarsConv.obs)
189  WINSYSDIR64                                        iswi.obl(SysVarsConv.obs)
190  WINSYSDISK                                         iswi.obl(SysVarsConv.obs)
191  WindowsFolder                                      iswi.obl(DebugSymbolsConv.obs)
192  WindowsVolume                                      iswi.obl(DebugSymbolsConv.obs)
193  _FONTFILEINFO                                      ifx.obl(EventsPriv.obs)
194  _INT64                                             Setup.obs
195  _ISDIFXINSTALLERINFO                               isrt.obl(ISDIFx.obs)
196  _LAAW_PARAMETERS                                   Setup.obs
197  _RESTOREPOINTINFO                                  Setup.obs
198  _SERVICE_IS_PARAMS                                 Setup.obs
199  _STATEMGRSTATUS                                    Setup.obs
200  _WIN9X                                             Setup.obs
201  _WINNT                                             Setup.obs
202  __gbAliasingOff                                    iswi.obl(CompHelperFuncs.obs)
203  __gbCheckForUpdate                                 iswi.obl(CompHelperFuncs.obs)
204  __gbGetTarget                                      iswi.obl(CompHelperFuncs.obs)
205  __gbInitialized                                    iswi.obl(CompHelperFuncs.obs)
206  __gbInstallInfo                                    Setup.obs
207  __gbMaintenance                                    iswi.obl(CompHelperFuncs.obs)
208  __gbReopening                                      iswi.obl(CompHelperFuncs.obs)
209  __ghActiveDataBase                                 iswi.obl(CompHelperFuncs.obs)
210  __ghErrFileHandle                                  iswi.obl(CompHelperFuncs.obs)
211  __ghMsiInstall                                     iswi.obl(CompHelperFuncs.obs)
212  __gnButtonSelected                                 iswi.obl(CompHelperFuncs.obs)
213  __gnLastError                                      iswi.obl(CompHelperFuncs.obs)
214  __gnMsiReturn                                      iswi.obl(CompHelperFuncs.obs)
215  __gnOSMask                                         iswi.obl(CompHelperFuncs.obs)
216  __gnScriptMode                                     iswi.obl(CompHelperFuncs.obs)
217  __goISDriver                                       iswi.obl(CompHelperFuncs.obs)
218  __goMsiServer                                      iswi.obl(CompHelperFuncs.obs)
219  __gsINSTALLDIR                                     iswi.obl(CompHelperFuncs.obs)
220  __gsProductGuid                                    iswi.obl(CompHelperFuncs.obs)
221  __gsSourceDir                                      iswi.obl(CompHelperFuncs.obs)
222  __hContext                                         Setup.obs
223  __objGlobalTextSub                                 Setup.obs
224  __objStringTable                                   iswi.obl(ISWiInit.obs)
225  __szGUID                                           Setup.obs
226  bBackButton                                        Setup.obs
227  bCancelButton                                      Setup.obs
228  bEnterDiskBeep                                     Setup.obs
229  bFinishButton                                      Setup.obs
230  bIFXLFNoToAll                                      Setup.obs
231  bIFXLFOnRebootToAll                                Setup.obs
232  bIFXLFYesToAll                                     Setup.obs
233  bIFXMD5IgnoreToAll                                 Setup.obs
234  bIFXRONoToAll                                      Setup.obs
235  bIFXROYesToAll                                     Setup.obs
236  bIFXSFNoToAll                                      Setup.obs
237  bIFXSFYesToAll                                     Setup.obs
238  bInstall16                                         Setup.obs
239  bNextButton                                        Setup.obs
240  bSdInit                                            Setup.obs
241  bViewCmptKunits                                    Setup.obs
242  bViewCmptUseDecimal                                Setup.obs
243  g_bSuppressMissingStringWarning                    iswi.obl(DriverConv.obs)
244  g_nDlgAskPath                                      Setup.obs
245  nDlgAskOptions                                     Setup.obs
246  nDlgEnterPassword                                  Setup.obs
247  nDlgMessageBox                                     Setup.obs
248  nDlgSelectDir                                      Setup.obs
249  nDlgSetupType2                                     Setup.obs
250  nDlgSprintfBox                                     Setup.obs
251  nSdAskDestPath                                     Setup.obs
252  nSdComponentTree                                   Setup.obs
253  nSdDiskSpaceRequirements                           Setup.obs
254  nSdFinish                                          Setup.obs
255  nSdFinishReboot                                    Setup.obs
256  nSdOutOfDiskSpace                                  Setup.obs
257  nSdPatchWelcome                                    Setup.obs
258  nSdRegisterUser                                    Setup.obs
259  nSdStartCopy2                                      Setup.obs
260  nSdWelcome                                         Setup.obs
261  nSdWelcomeMaint                                    Setup.obs
262  szAppKey                                           Setup.obs
263  szSdProduct                                        Setup.obs
264  szSdStr_NotEnoughSpace                             Setup.obs
